../Core/Src/main.c:100:1:__io_putchar	1
../Core/Src/main.c:111:6:setAngle	7
../Core/Src/main.c:133:6:get_pressure_data	1
../Core/Src/main.c:180:6:close_servo	3
../Core/Src/main.c:188:6:open_servo	3
../Core/Src/main.c:196:9:control_ballvalves	4
../Core/Src/main.c:235:6:HAL_UART_RxCpltCallback	2
../Core/Src/main.c:272:5:main	1
../Core/Src/main.c:347:6:SystemClock_Config	4
../Core/Src/main.c:405:6:PeriphCommonClock_Config	2
../Core/Src/main.c:432:13:MX_ADC1_Init	4
../Core/Src/main.c:501:13:MX_ADC2_Init	4
../Core/Src/main.c:570:13:MX_ADC3_Init	4
../Core/Src/main.c:639:13:MX_TIM2_Init	7
../Core/Src/main.c:702:13:MX_UART4_Init	5
../Core/Src/main.c:750:13:MX_USART3_UART_Init	5
../Core/Src/main.c:796:13:MX_BDMA_Init	1
../Core/Src/main.c:812:13:MX_DMA_Init	1
../Core/Src/main.c:830:13:MX_GPIO_Init	1
../Core/Src/main.c:865:6:MPU_Config	1
../Core/Src/main.c:896:6:Error_Handler	1
