../Core/Src/main.c:107:1:__io_putchar	16	static
../Core/Src/main.c:118:6:setAngle	32	static
../Core/Src/main.c:133:6:send_data	16	static
../Core/Src/main.c:140:6:get_pressure_data	80	dynamic
../Core/Src/main.c:162:9:control_solenoids	16	static
../Core/Src/main.c:184:6:close_servo	16	static
../Core/Src/main.c:193:6:open_servo	16	static
../Core/Src/main.c:202:9:control_ballvalves	24	static
../Core/Src/main.c:241:6:spark_plug_on	8	static
../Core/Src/main.c:306:6:spark_plug_off	8	static
../Core/Src/main.c:320:6:HAL_TIM_PWM_PulseFinishedCallback	16	static
../Core/Src/main.c:340:6:HAL_UART_RxCpltCallback	24	static
../Core/Src/main.c:399:5:main	8	static
../Core/Src/main.c:476:6:SystemClock_Config	120	static
../Core/Src/main.c:534:6:PeriphCommonClock_Config	200	static
../Core/Src/main.c:561:13:MX_ADC1_Init	48	static
../Core/Src/main.c:630:13:MX_ADC2_Init	40	static
../Core/Src/main.c:690:13:MX_ADC3_Init	40	static
../Core/Src/main.c:759:13:MX_TIM1_Init	112	static
../Core/Src/main.c:843:13:MX_TIM2_Init	64	static
../Core/Src/main.c:902:13:MX_USART2_UART_Init	8	static
../Core/Src/main.c:950:13:MX_USART3_UART_Init	8	static
../Core/Src/main.c:996:13:MX_BDMA_Init	16	static
../Core/Src/main.c:1014:13:MX_GPIO_Init	56	static
../Core/Src/main.c:1052:5:_write	24	static
../Core/Src/main.c:1061:6:MPU_Config	24	static
../Core/Src/main.c:1092:6:Error_Handler	4	static,ignoring_inline_asm
