../Core/Src/main.c:103:1:__io_putchar	16	static
../Core/Src/main.c:114:6:setAngle	32	static
../Core/Src/main.c:129:6:send_data	24	static
../Core/Src/main.c:157:6:get_pressure_data	8	static
../Core/Src/main.c:192:6:HAL_UART_TxCpltCallback	16	static
../Core/Src/main.c:200:9:control_solenoids	16	static
../Core/Src/main.c:222:6:close_servo	16	static
../Core/Src/main.c:231:6:open_servo	16	static
../Core/Src/main.c:240:9:control_ballvalves	24	static
../Core/Src/main.c:401:6:HAL_TIM_PeriodElapsedCallback	16	static
../Core/Src/main.c:426:6:HAL_UART_RxCpltCallback	24	static
../Core/Src/main.c:495:5:main	8	static
../Core/Src/main.c:595:6:SystemClock_Config	120	static
../Core/Src/main.c:654:13:MX_ADC3_Init	40	static
../Core/Src/main.c:714:13:MX_TIM1_Init	112	static
../Core/Src/main.c:794:13:MX_TIM2_Init	64	static
../Core/Src/main.c:857:13:MX_USART2_UART_Init	8	static
../Core/Src/main.c:905:13:MX_USART3_UART_Init	8	static
../Core/Src/main.c:953:13:MX_GPIO_Init	48	static
../Core/Src/main.c:993:5:_write	24	static
../Core/Src/main.c:999:10:ADC_Convert	24	static
../Core/Src/main.c:1106:6:MPU_Config	24	static
../Core/Src/main.c:1137:6:Error_Handler	4	static,ignoring_inline_asm
