../Core/Src/main.c:108:1:__io_putchar	16	static
../Core/Src/main.c:119:6:setAngle	32	static
../Core/Src/main.c:133:6:send_data	16	static
../Core/Src/main.c:140:6:get_pressure_data	80	dynamic
../Core/Src/main.c:166:9:control_solenoids	16	static
../Core/Src/main.c:188:6:close_servo	16	static
../Core/Src/main.c:196:6:open_servo	16	static
../Core/Src/main.c:204:9:control_ballvalves	24	static
../Core/Src/main.c:241:6:spark_plug_on	8	static
../Core/Src/main.c:255:6:spark_plug_off	8	static
../Core/Src/main.c:263:6:HAL_TIM_PWM_PulseFinishedCallback	16	static
../Core/Src/main.c:276:6:HAL_UART_RxCpltCallback	24	static
../Core/Src/main.c:329:5:main	8	static
../Core/Src/main.c:407:6:SystemClock_Config	120	static
../Core/Src/main.c:465:6:PeriphCommonClock_Config	200	static
../Core/Src/main.c:492:13:MX_ADC1_Init	48	static
../Core/Src/main.c:561:13:MX_ADC2_Init	40	static
../Core/Src/main.c:630:13:MX_ADC3_Init	40	static
../Core/Src/main.c:699:13:MX_TIM1_Init	128	static
../Core/Src/main.c:790:13:MX_TIM2_Init	64	static
../Core/Src/main.c:853:13:MX_UART4_Init	8	static
../Core/Src/main.c:901:13:MX_USART3_UART_Init	8	static
../Core/Src/main.c:947:13:MX_BDMA_Init	16	static
../Core/Src/main.c:963:13:MX_DMA_Init	16	static
../Core/Src/main.c:981:13:MX_GPIO_Init	56	static
../Core/Src/main.c:1022:5:_write	24	static
../Core/Src/main.c:1031:6:MPU_Config	24	static
../Core/Src/main.c:1062:6:Error_Handler	4	static,ignoring_inline_asm
