../Core/Src/main.c:108:1:__io_putchar	16	static
../Core/Src/main.c:119:6:setAngle	32	static
../Core/Src/main.c:134:6:send_data	24	static
../Core/Src/main.c:162:6:get_pressure_data	8	static
../Core/Src/main.c:198:6:HAL_UART_TxCpltCallback	16	static
../Core/Src/main.c:206:9:control_solenoids	16	static
../Core/Src/main.c:228:6:close_servo	16	static
../Core/Src/main.c:237:6:open_servo	16	static
../Core/Src/main.c:246:9:control_ballvalves	24	static
../Core/Src/main.c:285:6:spark_plug_on	8	static
../Core/Src/main.c:292:6:spark_plug_off	8	static
../Core/Src/main.c:333:6:HAL_TIM_PeriodElapsedCallback	16	static
../Core/Src/main.c:344:6:HAL_UART_RxCpltCallback	24	static
../Core/Src/main.c:417:5:main	8	static
../Core/Src/main.c:522:6:SystemClock_Config	120	static
../Core/Src/main.c:580:6:PeriphCommonClock_Config	200	static
../Core/Src/main.c:607:13:MX_ADC1_Init	48	static
../Core/Src/main.c:677:13:MX_ADC2_Init	40	static
../Core/Src/main.c:747:13:MX_ADC3_Init	40	static
../Core/Src/main.c:817:13:MX_TIM1_Init	40	static
../Core/Src/main.c:864:13:MX_TIM2_Init	64	static
../Core/Src/main.c:927:13:MX_USART2_UART_Init	8	static
../Core/Src/main.c:975:13:MX_USART3_UART_Init	8	static
../Core/Src/main.c:1023:13:MX_GPIO_Init	56	static
../Core/Src/main.c:1064:5:_write	24	static
../Core/Src/main.c:1070:10:ADC_Convert	24	static
../Core/Src/main.c:1177:6:MPU_Config	24	static
../Core/Src/main.c:1208:6:Error_Handler	4	static,ignoring_inline_asm
