../Core/Src/main.c:103:1:__io_putchar	16	static
../Core/Src/main.c:114:6:setAngle	32	static
../Core/Src/main.c:129:6:send_data	24	static
../Core/Src/main.c:156:6:get_pressure_data	8	static
../Core/Src/main.c:187:6:HAL_UART_TxCpltCallback	16	static
../Core/Src/main.c:195:9:control_solenoids	16	static
../Core/Src/main.c:217:6:close_servo	16	static
../Core/Src/main.c:226:6:open_servo	16	static
../Core/Src/main.c:235:9:control_ballvalves	24	static
../Core/Src/main.c:396:6:HAL_TIM_PeriodElapsedCallback	16	static
../Core/Src/main.c:421:6:HAL_UART_RxCpltCallback	24	static
../Core/Src/main.c:490:5:main	8	static
../Core/Src/main.c:590:6:SystemClock_Config	120	static
../Core/Src/main.c:649:13:MX_ADC1_Init	48	static
../Core/Src/main.c:719:13:MX_TIM1_Init	112	static
../Core/Src/main.c:799:13:MX_TIM2_Init	64	static
../Core/Src/main.c:862:13:MX_USART2_UART_Init	8	static
../Core/Src/main.c:910:13:MX_USART3_UART_Init	8	static
../Core/Src/main.c:958:13:MX_GPIO_Init	56	static
../Core/Src/main.c:999:5:_write	24	static
../Core/Src/main.c:1005:10:ADC_Convert	24	static
../Core/Src/main.c:1112:6:MPU_Config	24	static
../Core/Src/main.c:1143:6:Error_Handler	4	static,ignoring_inline_asm
