../Core/Src/main.c:108:1:__io_putchar	16	static
../Core/Src/main.c:119:6:setAngle	32	static
../Core/Src/main.c:134:6:send_data	24	static
../Core/Src/main.c:162:6:get_pressure_data	88	dynamic
../Core/Src/main.c:192:6:HAL_UART_TxCpltCallback	16	static
../Core/Src/main.c:199:9:control_solenoids	16	static
../Core/Src/main.c:221:6:close_servo	16	static
../Core/Src/main.c:230:6:open_servo	16	static
../Core/Src/main.c:239:9:control_ballvalves	24	static
../Core/Src/main.c:278:6:spark_plug_on	8	static
../Core/Src/main.c:344:6:spark_plug_off	8	static
../Core/Src/main.c:358:6:HAL_TIM_PWM_PulseFinishedCallback	16	static
../Core/Src/main.c:380:6:HAL_UART_RxCpltCallback	24	static
../Core/Src/main.c:439:5:main	8	static
../Core/Src/main.c:530:6:SystemClock_Config	120	static
../Core/Src/main.c:588:6:PeriphCommonClock_Config	200	static
../Core/Src/main.c:615:13:MX_ADC1_Init	48	static
../Core/Src/main.c:684:13:MX_ADC2_Init	40	static
../Core/Src/main.c:744:13:MX_ADC3_Init	40	static
../Core/Src/main.c:813:13:MX_TIM1_Init	112	static
../Core/Src/main.c:893:13:MX_TIM2_Init	64	static
../Core/Src/main.c:956:13:MX_USART2_UART_Init	8	static
../Core/Src/main.c:1004:13:MX_USART3_UART_Init	8	static
../Core/Src/main.c:1050:13:MX_BDMA_Init	16	static
../Core/Src/main.c:1068:13:MX_GPIO_Init	56	static
../Core/Src/main.c:1110:5:_write	24	static
../Core/Src/main.c:1119:6:MPU_Config	24	static
../Core/Src/main.c:1150:6:Error_Handler	4	static,ignoring_inline_asm
