../Core/Src/main.c:93:6:setAngle	32	static
../Core/Src/main.c:108:6:send_data	16	static
../Core/Src/main.c:115:6:get_pressure_data	96	dynamic
../Core/Src/main.c:138:6:control_solenoids	16	static
../Core/Src/main.c:160:6:close_servo	4	static
../Core/Src/main.c:163:6:open_servo	4	static
../Core/Src/main.c:167:6:control_ballvalves	16	static
../Core/Src/main.c:191:6:HAL_UART_RxCpltCallback	24	static
../Core/Src/main.c:212:5:main	8	static
../Core/Src/main.c:279:6:SystemClock_Config	120	static
../Core/Src/main.c:333:6:PeriphCommonClock_Config	200	static
../Core/Src/main.c:360:13:MX_ADC1_Init	48	static
../Core/Src/main.c:429:13:MX_ADC2_Init	40	static
../Core/Src/main.c:498:13:MX_ADC3_Init	40	static
../Core/Src/main.c:567:13:MX_TIM1_Init	112	static
../Core/Src/main.c:647:13:MX_TIM2_Init	64	static
../Core/Src/main.c:706:13:MX_UART4_Init	8	static
../Core/Src/main.c:752:13:MX_BDMA_Init	16	static
../Core/Src/main.c:768:13:MX_DMA_Init	16	static
../Core/Src/main.c:786:13:MX_GPIO_Init	48	static
../Core/Src/main.c:820:6:MPU_Config	24	static
../Core/Src/main.c:851:6:Error_Handler	4	static,ignoring_inline_asm
