../Core/Src/main.c:109:1:__io_putchar	16	static
../Core/Src/main.c:120:6:setAngle	32	static
../Core/Src/main.c:135:6:send_data	16	static
../Core/Src/main.c:142:6:get_pressure_data	80	dynamic
../Core/Src/main.c:165:9:control_solenoids	16	static
../Core/Src/main.c:187:6:close_servo	16	static
../Core/Src/main.c:195:6:open_servo	16	static
../Core/Src/main.c:203:9:control_ballvalves	24	static
../Core/Src/main.c:242:6:spark_plug_on	8	static
../Core/Src/main.c:307:6:spark_plug_off	8	static
../Core/Src/main.c:323:6:HAL_TIM_PWM_PulseFinishedCallback	16	static
../Core/Src/main.c:343:6:HAL_UART_RxCpltCallback	24	static
../Core/Src/main.c:401:5:main	8	static
../Core/Src/main.c:479:6:SystemClock_Config	120	static
../Core/Src/main.c:537:6:PeriphCommonClock_Config	200	static
../Core/Src/main.c:564:13:MX_ADC1_Init	48	static
../Core/Src/main.c:633:13:MX_ADC2_Init	40	static
../Core/Src/main.c:702:13:MX_ADC3_Init	40	static
../Core/Src/main.c:771:13:MX_TIM1_Init	128	static
../Core/Src/main.c:862:13:MX_TIM2_Init	64	static
../Core/Src/main.c:925:13:MX_UART4_Init	8	static
../Core/Src/main.c:973:13:MX_USART3_UART_Init	8	static
../Core/Src/main.c:1019:13:MX_BDMA_Init	16	static
../Core/Src/main.c:1035:13:MX_DMA_Init	16	static
../Core/Src/main.c:1053:13:MX_GPIO_Init	56	static
../Core/Src/main.c:1099:6:MPU_Config	24	static
../Core/Src/main.c:1130:6:Error_Handler	4	static,ignoring_inline_asm
