../Core/Src/main.c:108:1:__io_putchar	1
../Core/Src/main.c:119:6:setAngle	7
../Core/Src/main.c:134:6:send_data	1
../Core/Src/main.c:148:6:get_pressure_data	1
../Core/Src/main.c:170:6:HAL_UART_TxCpltCallback	2
../Core/Src/main.c:176:9:control_solenoids	5
../Core/Src/main.c:198:6:close_servo	3
../Core/Src/main.c:207:6:open_servo	3
../Core/Src/main.c:216:9:control_ballvalves	4
../Core/Src/main.c:234:6:spark_plug_on	1
../Core/Src/main.c:239:6:spark_plug_off	1
../Core/Src/main.c:247:6:HAL_UART_RxCpltCallback	6
../Core/Src/main.c:278:5:main	1
../Core/Src/main.c:362:6:SystemClock_Config	4
../Core/Src/main.c:420:6:PeriphCommonClock_Config	2
../Core/Src/main.c:447:13:MX_ADC1_Init	5
../Core/Src/main.c:526:13:MX_ADC2_Init	3
../Core/Src/main.c:586:13:MX_ADC3_Init	4
../Core/Src/main.c:656:13:MX_TIM1_Init	4
../Core/Src/main.c:703:13:MX_TIM2_Init	7
../Core/Src/main.c:766:13:MX_USART2_UART_Init	5
../Core/Src/main.c:814:13:MX_USART3_UART_Init	5
../Core/Src/main.c:862:13:MX_GPIO_Init	1
../Core/Src/main.c:896:5:_write	1
../Core/Src/main.c:902:10:ADC_Convert	1
../Core/Src/main.c:1009:6:MPU_Config	1
../Core/Src/main.c:1040:6:Error_Handler	1
