../Core/Src/main.c:108:1:__io_putchar	16	static
../Core/Src/main.c:119:6:setAngle	32	static
../Core/Src/main.c:133:6:send_data	16	static
../Core/Src/main.c:140:6:get_pressure_data	80	dynamic
../Core/Src/main.c:163:9:control_solenoids	16	static
../Core/Src/main.c:185:6:close_servo	16	static
../Core/Src/main.c:193:6:open_servo	16	static
../Core/Src/main.c:201:9:control_ballvalves	24	static
../Core/Src/main.c:238:6:spark_plug_on	8	static
../Core/Src/main.c:252:6:spark_plug_off	8	static
../Core/Src/main.c:260:6:HAL_TIM_PWM_PulseFinishedCallback	16	static
../Core/Src/main.c:273:6:HAL_UART_RxCpltCallback	24	static
../Core/Src/main.c:326:5:main	8	static
../Core/Src/main.c:404:6:SystemClock_Config	120	static
../Core/Src/main.c:462:6:PeriphCommonClock_Config	200	static
../Core/Src/main.c:489:13:MX_ADC1_Init	48	static
../Core/Src/main.c:558:13:MX_ADC2_Init	40	static
../Core/Src/main.c:627:13:MX_ADC3_Init	40	static
../Core/Src/main.c:696:13:MX_TIM1_Init	128	static
../Core/Src/main.c:787:13:MX_TIM2_Init	64	static
../Core/Src/main.c:850:13:MX_UART4_Init	8	static
../Core/Src/main.c:898:13:MX_USART3_UART_Init	8	static
../Core/Src/main.c:944:13:MX_BDMA_Init	16	static
../Core/Src/main.c:960:13:MX_DMA_Init	16	static
../Core/Src/main.c:978:13:MX_GPIO_Init	56	static
../Core/Src/main.c:1024:6:MPU_Config	24	static
../Core/Src/main.c:1055:6:Error_Handler	4	static,ignoring_inline_asm
