../Core/Src/main.c:101:1:__io_putchar	16	static
../Core/Src/main.c:112:6:setAngle	32	static
../Core/Src/main.c:127:6:send_data	24	static
../Core/Src/main.c:155:6:get_pressure_data	8	static
../Core/Src/main.c:180:6:HAL_UART_TxCpltCallback	16	static
../Core/Src/main.c:187:9:control_solenoids	16	static
../Core/Src/main.c:209:6:close_servo	16	static
../Core/Src/main.c:218:6:open_servo	16	static
../Core/Src/main.c:227:9:control_ballvalves	24	static
../Core/Src/main.c:266:6:spark_plug_on	8	static
../Core/Src/main.c:332:6:spark_plug_off	8	static
../Core/Src/main.c:346:6:HAL_TIM_PWM_PulseFinishedCallback	16	static
../Core/Src/main.c:368:6:HAL_UART_RxCpltCallback	24	static
../Core/Src/main.c:427:5:main	8	static
../Core/Src/main.c:513:6:SystemClock_Config	120	static
../Core/Src/main.c:572:13:MX_ADC1_Init	48	static
../Core/Src/main.c:660:13:MX_TIM1_Init	112	static
../Core/Src/main.c:740:13:MX_TIM2_Init	64	static
../Core/Src/main.c:803:13:MX_USART2_UART_Init	8	static
../Core/Src/main.c:851:13:MX_USART3_UART_Init	8	static
../Core/Src/main.c:899:13:MX_GPIO_Init	56	static
../Core/Src/main.c:940:5:_write	24	static
../Core/Src/main.c:946:10:ADC_Convert	24	static
../Core/Src/main.c:1053:6:MPU_Config	24	static
../Core/Src/main.c:1084:6:Error_Handler	4	static,ignoring_inline_asm
