../Core/Src/main.c:101:1:__io_putchar	16	static
../Core/Src/main.c:112:6:setAngle	32	static
../Core/Src/main.c:127:6:send_data	24	static
../Core/Src/main.c:155:6:get_pressure_data	8	static
../Core/Src/main.c:176:6:HAL_UART_TxCpltCallback	16	static
../Core/Src/main.c:183:9:control_solenoids	16	static
../Core/Src/main.c:205:6:close_servo	16	static
../Core/Src/main.c:214:6:open_servo	16	static
../Core/Src/main.c:223:9:control_ballvalves	24	static
../Core/Src/main.c:262:6:spark_plug_on	8	static
../Core/Src/main.c:328:6:spark_plug_off	8	static
../Core/Src/main.c:342:6:HAL_TIM_PWM_PulseFinishedCallback	16	static
../Core/Src/main.c:364:6:HAL_UART_RxCpltCallback	24	static
../Core/Src/main.c:423:5:main	8	static
../Core/Src/main.c:509:6:SystemClock_Config	120	static
../Core/Src/main.c:568:13:MX_ADC1_Init	48	static
../Core/Src/main.c:654:13:MX_TIM1_Init	112	static
../Core/Src/main.c:734:13:MX_TIM2_Init	64	static
../Core/Src/main.c:797:13:MX_USART2_UART_Init	8	static
../Core/Src/main.c:845:13:MX_USART3_UART_Init	8	static
../Core/Src/main.c:893:13:MX_GPIO_Init	56	static
../Core/Src/main.c:934:5:_write	24	static
../Core/Src/main.c:940:10:ADC_Convert	24	static
../Core/Src/main.c:1048:6:MPU_Config	24	static
../Core/Src/main.c:1079:6:Error_Handler	4	static,ignoring_inline_asm
