../Core/Src/main.c:108:1:__io_putchar	16	static
../Core/Src/main.c:119:6:setAngle	32	static
../Core/Src/main.c:134:6:send_data	24	static
../Core/Src/main.c:162:6:get_pressure_data	8	static
../Core/Src/main.c:208:6:HAL_UART_TxCpltCallback	16	static
../Core/Src/main.c:216:9:control_solenoids	16	static
../Core/Src/main.c:238:6:close_servo	16	static
../Core/Src/main.c:247:6:open_servo	16	static
../Core/Src/main.c:256:9:control_ballvalves	24	static
../Core/Src/main.c:295:6:spark_plug_on	8	static
../Core/Src/main.c:302:6:spark_plug_off	8	static
../Core/Src/main.c:343:6:HAL_TIM_PeriodElapsedCallback	16	static
../Core/Src/main.c:354:6:HAL_UART_RxCpltCallback	24	static
../Core/Src/main.c:427:5:main	8	static
../Core/Src/main.c:542:6:SystemClock_Config	120	static
../Core/Src/main.c:600:6:PeriphCommonClock_Config	200	static
../Core/Src/main.c:627:13:MX_ADC1_Init	48	static
../Core/Src/main.c:706:13:MX_ADC2_Init	40	static
../Core/Src/main.c:766:13:MX_ADC3_Init	40	static
../Core/Src/main.c:836:13:MX_TIM1_Init	112	static
../Core/Src/main.c:916:13:MX_TIM2_Init	64	static
../Core/Src/main.c:979:13:MX_USART2_UART_Init	8	static
../Core/Src/main.c:1027:13:MX_USART3_UART_Init	8	static
../Core/Src/main.c:1075:13:MX_GPIO_Init	56	static
../Core/Src/main.c:1116:5:_write	24	static
../Core/Src/main.c:1122:10:ADC_Convert	24	static
../Core/Src/main.c:1229:6:MPU_Config	24	static
../Core/Src/main.c:1260:6:Error_Handler	4	static,ignoring_inline_asm
