../Core/Src/main.c:108:1:__io_putchar	16	static
../Core/Src/main.c:119:6:setAngle	32	static
../Core/Src/main.c:134:6:send_data	24	static
../Core/Src/main.c:162:6:get_pressure_data	8	static
../Core/Src/main.c:198:6:HAL_UART_TxCpltCallback	16	static
../Core/Src/main.c:205:9:control_solenoids	16	static
../Core/Src/main.c:227:6:close_servo	16	static
../Core/Src/main.c:236:6:open_servo	16	static
../Core/Src/main.c:245:9:control_ballvalves	24	static
../Core/Src/main.c:284:6:spark_plug_on	8	static
../Core/Src/main.c:350:6:spark_plug_off	8	static
../Core/Src/main.c:364:6:HAL_TIM_PWM_PulseFinishedCallback	16	static
../Core/Src/main.c:386:6:HAL_UART_RxCpltCallback	24	static
../Core/Src/main.c:445:5:main	8	static
../Core/Src/main.c:540:6:SystemClock_Config	120	static
../Core/Src/main.c:598:6:PeriphCommonClock_Config	200	static
../Core/Src/main.c:625:13:MX_ADC1_Init	48	static
../Core/Src/main.c:695:13:MX_ADC2_Init	40	static
../Core/Src/main.c:765:13:MX_ADC3_Init	40	static
../Core/Src/main.c:835:13:MX_TIM1_Init	112	static
../Core/Src/main.c:915:13:MX_TIM2_Init	64	static
../Core/Src/main.c:978:13:MX_USART2_UART_Init	8	static
../Core/Src/main.c:1026:13:MX_USART3_UART_Init	8	static
../Core/Src/main.c:1074:13:MX_GPIO_Init	56	static
../Core/Src/main.c:1115:5:_write	24	static
../Core/Src/main.c:1121:10:ADC_Convert	24	static
../Core/Src/main.c:1228:6:MPU_Config	24	static
../Core/Src/main.c:1259:6:Error_Handler	4	static,ignoring_inline_asm
