../Core/Src/main.c:109:1:__io_putchar	16	static
../Core/Src/main.c:120:6:setAngle	32	static
../Core/Src/main.c:135:6:send_data	24	static
../Core/Src/main.c:154:6:get_pressure_data	96	dynamic
../Core/Src/main.c:182:6:HAL_UART_TxCpltCallback	16	static
../Core/Src/main.c:189:9:control_solenoids	16	static
../Core/Src/main.c:211:6:close_servo	16	static
../Core/Src/main.c:220:6:open_servo	16	static
../Core/Src/main.c:229:9:control_ballvalves	24	static
../Core/Src/main.c:268:6:spark_plug_on	8	static
../Core/Src/main.c:334:6:spark_plug_off	8	static
../Core/Src/main.c:348:6:HAL_TIM_PWM_PulseFinishedCallback	16	static
../Core/Src/main.c:368:6:HAL_UART_RxCpltCallback	24	static
../Core/Src/main.c:427:5:main	8	static
../Core/Src/main.c:510:6:SystemClock_Config	120	static
../Core/Src/main.c:568:6:PeriphCommonClock_Config	200	static
../Core/Src/main.c:595:13:MX_ADC1_Init	48	static
../Core/Src/main.c:664:13:MX_ADC2_Init	40	static
../Core/Src/main.c:724:13:MX_ADC3_Init	40	static
../Core/Src/main.c:793:13:MX_TIM1_Init	112	static
../Core/Src/main.c:873:13:MX_TIM2_Init	64	static
../Core/Src/main.c:936:13:MX_USART2_UART_Init	8	static
../Core/Src/main.c:984:13:MX_USART3_UART_Init	8	static
../Core/Src/main.c:1030:13:MX_BDMA_Init	16	static
../Core/Src/main.c:1046:13:MX_DMA_Init	16	static
../Core/Src/main.c:1064:13:MX_GPIO_Init	56	static
../Core/Src/main.c:1105:5:_write	24	static
../Core/Src/main.c:1114:6:MPU_Config	24	static
../Core/Src/main.c:1145:6:Error_Handler	4	static,ignoring_inline_asm
