../Core/Src/main.c:106:1:__io_putchar	16	static
../Core/Src/main.c:117:6:setAngle	32	static
../Core/Src/main.c:132:6:send_data	24	static
../Core/Src/main.c:160:6:get_pressure_data	8	static
../Core/Src/main.c:184:6:HAL_UART_TxCpltCallback	16	static
../Core/Src/main.c:191:9:control_solenoids	16	static
../Core/Src/main.c:213:6:close_servo	16	static
../Core/Src/main.c:222:6:open_servo	16	static
../Core/Src/main.c:231:9:control_ballvalves	24	static
../Core/Src/main.c:270:6:spark_plug_on	8	static
../Core/Src/main.c:336:6:spark_plug_off	8	static
../Core/Src/main.c:350:6:HAL_TIM_PWM_PulseFinishedCallback	16	static
../Core/Src/main.c:372:6:HAL_UART_RxCpltCallback	24	static
../Core/Src/main.c:431:5:main	8	static
../Core/Src/main.c:522:6:SystemClock_Config	120	static
../Core/Src/main.c:580:6:PeriphCommonClock_Config	200	static
../Core/Src/main.c:607:13:MX_ADC1_Init	48	static
../Core/Src/main.c:677:13:MX_ADC2_Init	40	static
../Core/Src/main.c:737:13:MX_ADC3_Init	40	static
../Core/Src/main.c:797:13:MX_TIM1_Init	112	static
../Core/Src/main.c:877:13:MX_TIM2_Init	64	static
../Core/Src/main.c:940:13:MX_USART2_UART_Init	8	static
../Core/Src/main.c:988:13:MX_USART3_UART_Init	8	static
../Core/Src/main.c:1036:13:MX_GPIO_Init	56	static
../Core/Src/main.c:1077:5:_write	24	static
../Core/Src/main.c:1083:10:ADC_Convert	24	static
../Core/Src/main.c:1192:6:MPU_Config	24	static
../Core/Src/main.c:1223:6:Error_Handler	4	static,ignoring_inline_asm
