../Core/Src/main.c:108:1:__io_putchar	16	static
../Core/Src/main.c:119:6:setAngle	32	static
../Core/Src/main.c:134:6:send_data	24	static
../Core/Src/main.c:162:6:get_pressure_data	8	static
../Core/Src/main.c:198:6:HAL_UART_TxCpltCallback	16	static
../Core/Src/main.c:206:9:control_solenoids	16	static
../Core/Src/main.c:228:6:close_servo	16	static
../Core/Src/main.c:237:6:open_servo	16	static
../Core/Src/main.c:246:9:control_ballvalves	24	static
../Core/Src/main.c:407:6:HAL_TIM_PeriodElapsedCallback	16	static
../Core/Src/main.c:432:6:HAL_UART_RxCpltCallback	24	static
../Core/Src/main.c:499:5:main	8	static
../Core/Src/main.c:604:6:SystemClock_Config	120	static
../Core/Src/main.c:662:6:PeriphCommonClock_Config	200	static
../Core/Src/main.c:689:13:MX_ADC1_Init	48	static
../Core/Src/main.c:759:13:MX_ADC2_Init	40	static
../Core/Src/main.c:829:13:MX_ADC3_Init	40	static
../Core/Src/main.c:899:13:MX_TIM1_Init	112	static
../Core/Src/main.c:979:13:MX_TIM2_Init	64	static
../Core/Src/main.c:1042:13:MX_USART2_UART_Init	8	static
../Core/Src/main.c:1090:13:MX_USART3_UART_Init	8	static
../Core/Src/main.c:1138:13:MX_GPIO_Init	56	static
../Core/Src/main.c:1179:5:_write	24	static
../Core/Src/main.c:1185:10:ADC_Convert	24	static
../Core/Src/main.c:1292:6:MPU_Config	24	static
../Core/Src/main.c:1323:6:Error_Handler	4	static,ignoring_inline_asm
