2026-01-12 18:09:55,307 [INFO] Activator:176 - 


2026-01-12 18:09:55,308 [INFO] Activator:177 - !SESSION log4j initialized
2026-01-12 18:09:57,015 [ERROR] LogOutputStream:75 - [STDERR_REDIRECT] 
2026-01-12 18:09:58,850 [INFO] LogOutputStream:77 - [STDOUT_REDIRECT] 
2026-01-12 18:10:00,957 [INFO] ApplicationProperties:184 - Using Application install path: /Applications/STM32CubeIDE.app/Contents/Eclipse/plugins/com.st.stm32cube.common.mx_6.15.0.202507011659
2026-01-12 18:10:00,967 [INFO] DbMcusXml:78 - Set database path to: /Applications/STM32CubeIDE.app/Contents/Eclipse/plugins/com.st.stm32cube.common.mx_6.15.0.202507011659//db//mcu/
2026-01-12 18:10:00,967 [INFO] ApiDb:274 - Set plugin database path to: /Applications/STM32CubeIDE.app/Contents/Eclipse/plugins/com.st.stm32cube.common.mx_6.15.0.202507011659//db//plugins/boardmanager/
2026-01-12 18:10:00,968 [WARN] ApiDb:259 - Overriding images path with different value:  => /Applications/STM32CubeIDE.app/Contents/Eclipse/plugins/com.st.stm32cube.common.mx_6.15.0.202507011659//db//plugins/mcufinder/images/
2026-01-12 18:10:00,971 [INFO] ApiDb:250 - Set database path to: /Users/sm/.stmcufinder/plugins/mcufinder//mcu/
2026-01-12 18:10:00,972 [INFO] DbMcusAds:125 - Set database path to: /Users/sm/.stmcufinder/plugins/mcufinder//mcu/
2026-01-12 18:10:00,973 [INFO] CrossReferenceDbSqlite:203 - Set database path to: /Users/sm/.stmcufinder/plugins/mcufinder//mcu/cs/
2026-01-12 18:10:01,120 [INFO] RulesReader:64 - Compatibility file has been processed (317 Rules)
2026-01-12 18:10:01,169 [INFO] DbMcusXml:78 - Set database path to: /Applications/STM32CubeIDE.app/Contents/Eclipse/plugins/com.st.stm32cube.common.mx_6.15.0.202507011659//db//mcu/
2026-01-12 18:10:01,170 [INFO] ApiDb:274 - Set plugin database path to: /Applications/STM32CubeIDE.app/Contents/Eclipse/plugins/com.st.stm32cube.common.mx_6.15.0.202507011659//db//plugins/boardmanager/
2026-01-12 18:10:01,170 [INFO] ApiDb:261 - Set plugin images path to: /Applications/STM32CubeIDE.app/Contents/Eclipse/plugins/com.st.stm32cube.common.mx_6.15.0.202507011659//db//plugins/mcufinder/images/
2026-01-12 18:10:01,170 [WARN] DbFile:41 - Overriding database path with different value: /Users/sm/.stmcufinder/plugins/mcufinder/ => /Users/sm/.stmcufinder/plugins/mcufinder
2026-01-12 18:10:01,170 [INFO] ApiDb:250 - Set database path to: /Users/sm/.stmcufinder/plugins/mcufinder//mcu/
2026-01-12 18:10:01,170 [WARN] DbFile:41 - Overriding database path with different value: /Users/sm/.stmcufinder/plugins/mcufinder/ => /Users/sm/.stmcufinder/plugins/mcufinder
2026-01-12 18:10:01,170 [INFO] DbMcusAds:125 - Set database path to: /Users/sm/.stmcufinder/plugins/mcufinder//mcu/
2026-01-12 18:10:01,170 [WARN] DbFile:41 - Overriding database path with different value: /Users/sm/.stmcufinder/plugins/mcufinder/ => /Users/sm/.stmcufinder/plugins/mcufinder
2026-01-12 18:10:01,171 [WARN] DbFile:41 - Overriding database path with different value: /Users/sm/.stmcufinder/plugins/mcufinder/ => /Users/sm/.stmcufinder/plugins/mcufinder
2026-01-12 18:10:01,171 [INFO] CrossReferenceDbSqlite:203 - Set database path to: /Users/sm/.stmcufinder/plugins/mcufinder//mcu/cs/
2026-01-12 18:10:01,233 [INFO] MainPanel:274 - HeapMemory: 268435456
2026-01-12 18:10:01,452 [INFO] DbMcusXml:78 - Set database path to: /Applications/STM32CubeIDE.app/Contents/Eclipse/plugins/com.st.stm32cube.common.mx_6.15.0.202507011659//db//mcu/
2026-01-12 18:10:01,452 [INFO] ApiDb:274 - Set plugin database path to: /Applications/STM32CubeIDE.app/Contents/Eclipse/plugins/com.st.stm32cube.common.mx_6.15.0.202507011659//db//plugins/boardmanager/
2026-01-12 18:10:01,452 [INFO] ApiDb:261 - Set plugin images path to: /Applications/STM32CubeIDE.app/Contents/Eclipse/plugins/com.st.stm32cube.common.mx_6.15.0.202507011659//db//plugins/mcufinder/images/
2026-01-12 18:10:01,452 [WARN] DbFile:41 - Overriding database path with different value: /Users/sm/.stmcufinder/plugins/mcufinder/ => /Users/sm/.stmcufinder/plugins/mcufinder
2026-01-12 18:10:01,453 [INFO] ApiDb:250 - Set database path to: /Users/sm/.stmcufinder/plugins/mcufinder//mcu/
2026-01-12 18:10:01,453 [WARN] DbFile:41 - Overriding database path with different value: /Users/sm/.stmcufinder/plugins/mcufinder/ => /Users/sm/.stmcufinder/plugins/mcufinder
2026-01-12 18:10:01,453 [INFO] DbMcusAds:125 - Set database path to: /Users/sm/.stmcufinder/plugins/mcufinder//mcu/
2026-01-12 18:10:01,453 [WARN] DbFile:41 - Overriding database path with different value: /Users/sm/.stmcufinder/plugins/mcufinder/ => /Users/sm/.stmcufinder/plugins/mcufinder
2026-01-12 18:10:01,453 [WARN] DbFile:41 - Overriding database path with different value: /Users/sm/.stmcufinder/plugins/mcufinder/ => /Users/sm/.stmcufinder/plugins/mcufinder
2026-01-12 18:10:01,453 [INFO] CrossReferenceDbSqlite:203 - Set database path to: /Users/sm/.stmcufinder/plugins/mcufinder//mcu/cs/
2026-01-12 18:10:01,470 [INFO] ApplicationProperties:184 - Using Application install path: /Applications/STM32CubeIDE.app/Contents/Eclipse/plugins/com.st.stm32cube.common.mx_6.15.0.202507011659
2026-01-12 18:10:01,471 [INFO] PluginManage:196 - Search for loadable plugins [exclusion list=, ]
2026-01-12 18:10:01,472 [INFO] PluginManage:310 - Check plugin analytics
2026-01-12 18:10:01,689 [INFO] AnalyticsPlugin:253 - Accepted Software Licenses: 
2026-01-12 18:10:01,689 [INFO] AnalyticsPlugin:255 - Accepted CMSIS Pack Licenses: 
2026-01-12 18:10:01,689 [INFO] AnalyticsPlugin:257 - Accepted Firmware Licenses: FW.H7.1.12.0
2026-01-12 18:10:01,700 [INFO] PluginManage:359 - Loaded plugin analytics (category:tool,tabindex:-1)
2026-01-12 18:10:01,701 [INFO] PluginManage:310 - Check plugin cadmodel
2026-01-12 18:10:01,710 [INFO] CADModel:105 - Init CAD model plugin
2026-01-12 18:10:01,710 [INFO] PluginManage:359 - Loaded plugin cadmodel (category:power,tabindex:5)
2026-01-12 18:10:01,711 [INFO] PluginManage:310 - Check plugin clock
2026-01-12 18:10:01,717 [INFO] PluginManage:359 - Loaded plugin clock (category:base,tabindex:2)
2026-01-12 18:10:01,718 [INFO] PluginManage:310 - Check plugin ddr
2026-01-12 18:10:01,721 [INFO] PluginManage:359 - Loaded plugin ddr (category:tool,tabindex:6)
2026-01-12 18:10:01,721 [INFO] PluginManage:310 - Check plugin filemanager
2026-01-12 18:10:02,169 [INFO] PluginManage:359 - Loaded plugin filemanager (category:base,tabindex:10)
2026-01-12 18:10:02,172 [INFO] PluginManage:310 - Check plugin ipmanager
2026-01-12 18:10:02,218 [INFO] PluginManage:359 - Loaded plugin ipmanager (category:base,tabindex:5)
2026-01-12 18:10:02,220 [INFO] PluginManage:310 - Check plugin lpbam
2026-01-12 18:10:02,244 [INFO] PluginManage:359 - Loaded plugin lpbam (category:base,tabindex:0)
2026-01-12 18:10:02,245 [INFO] PluginManage:310 - Check plugin memorymap
2026-01-12 18:10:02,257 [INFO] PluginManage:359 - Loaded plugin memorymap (category:base,tabindex:4)
2026-01-12 18:10:02,257 [INFO] PluginManage:310 - Check plugin pinoutandconfiguration
2026-01-12 18:10:02,263 [INFO] PluginManage:359 - Loaded plugin pinoutandconfiguration (category:base,tabindex:1)
2026-01-12 18:10:02,263 [INFO] PluginManage:310 - Check plugin pinoutconfig
2026-01-12 18:10:02,355 [WARN] SupportedApi:132 - Cannot load RTOS API schema: s4s-elt-must-match.1: The content of 'definitions' must match (annotation?, (simpleType | complexType)?, (unique | key | keyref)*)). A problem was found starting at: attribute.
2026-01-12 18:10:02,544 [INFO] PluginManage:359 - Loaded plugin pinoutconfig (category:base,tabindex:0)
2026-01-12 18:10:02,544 [INFO] PluginManage:310 - Check plugin power
2026-01-12 18:10:02,554 [INFO] PluginManage:359 - Loaded plugin power (category:power,tabindex:4)
2026-01-12 18:10:02,554 [INFO] PluginManage:310 - Check plugin projectmanager
2026-01-12 18:10:02,590 [INFO] PluginManage:359 - Loaded plugin projectmanager (category:projectmanager,tabindex:4)
2026-01-12 18:10:02,591 [INFO] PluginManage:310 - Check plugin rif
2026-01-12 18:10:02,598 [INFO] PluginManage:359 - Loaded plugin rif (category:base,tabindex:3)
2026-01-12 18:10:02,599 [INFO] PluginManage:310 - Check plugin thirdparty
2026-01-12 18:10:02,771 [INFO] PluginManage:359 - Loaded plugin thirdparty (category:base,tabindex:-1)
2026-01-12 18:10:02,772 [INFO] PluginManage:310 - Check plugin tools
2026-01-12 18:10:02,769 [WARN] IntegrityCheckThread:84 - waiting for thirdparty lock release [integrity check]
2026-01-12 18:10:02,785 [INFO] IntegrityCheckThread:86 - entering critical section [integrity check]
2026-01-12 18:10:02,785 [INFO] PluginManage:359 - Loaded plugin tools (category:base,tabindex:7)
2026-01-12 18:10:02,786 [INFO] PluginManage:310 - Check plugin tutovideos
2026-01-12 18:10:02,790 [INFO] ThirdPartyUpdaterWithRetryManager:70 - Updater plugin not ready yet. [1/15]
2026-01-12 18:10:02,980 [INFO] PluginManage:359 - Loaded plugin tutovideos (category:base,tabindex:-1)
2026-01-12 18:10:02,981 [INFO] PluginManage:310 - Check plugin updater
2026-01-12 18:10:03,020 [INFO] PluginManage:359 - Loaded plugin updater (category:base,tabindex:12)
2026-01-12 18:10:03,020 [INFO] PluginManage:310 - Check plugin userauth
2026-01-12 18:10:03,025 [INFO] UserAuth:118 - Init User Auth plugin
2026-01-12 18:10:03,026 [INFO] PluginManage:359 - Loaded plugin userauth (category:base,tabindex:14)
2026-01-12 18:10:03,028 [INFO] PluginManage:283 - PluginManage : Loaded plugins [18]
2026-01-12 18:10:03,259 [INFO] PinOutPanel:1589 - setPackage(No Configuration,No Configuration)
2026-01-12 18:10:03,330 [INFO] CADModel:165 - CPN selected for project level
2026-01-12 18:10:03,331 [INFO] CADModel:114 - Register for checkConnection events
2026-01-12 18:10:03,341 [INFO] IPUIPlugin:80 - create IPUIPlugin
2026-01-12 18:10:03,341 [INFO] PluginManager:220 - loadIPPluginJar : add mdma
2026-01-12 18:10:03,347 [INFO] IPUIPlugin:80 - create IPUIPlugin
2026-01-12 18:10:03,348 [INFO] PluginManager:220 - loadIPPluginJar : add freertos
2026-01-12 18:10:03,351 [INFO] IPUIPlugin:80 - create IPUIPlugin
2026-01-12 18:10:03,351 [INFO] PluginManager:220 - loadIPPluginJar : add gic
2026-01-12 18:10:03,356 [INFO] IPUIPlugin:80 - create IPUIPlugin
2026-01-12 18:10:03,356 [INFO] PluginManager:220 - loadIPPluginJar : add adc
2026-01-12 18:10:03,358 [INFO] IPUIPlugin:80 - create IPUIPlugin
2026-01-12 18:10:03,358 [INFO] PluginManager:220 - loadIPPluginJar : add gtzc
2026-01-12 18:10:03,358 [INFO] IPUIPlugin:80 - create IPUIPlugin
2026-01-12 18:10:03,358 [INFO] PluginManager:220 - loadIPPluginJar : add quadspi
2026-01-12 18:10:03,359 [INFO] IPUIPlugin:80 - create IPUIPlugin
2026-01-12 18:10:03,359 [INFO] PluginManager:220 - loadIPPluginJar : add aes
2026-01-12 18:10:03,361 [INFO] IPUIPlugin:80 - create IPUIPlugin
2026-01-12 18:10:03,361 [INFO] PluginManager:220 - loadIPPluginJar : add pdm2pcm
2026-01-12 18:10:03,362 [INFO] IPUIPlugin:80 - create IPUIPlugin
2026-01-12 18:10:03,363 [INFO] PluginManager:220 - loadIPPluginJar : add hash
2026-01-12 18:10:03,364 [INFO] IPUIPlugin:80 - create IPUIPlugin
2026-01-12 18:10:03,364 [INFO] PluginManager:220 - loadIPPluginJar : add tim
2026-01-12 18:10:03,365 [INFO] IPUIPlugin:80 - create IPUIPlugin
2026-01-12 18:10:03,365 [INFO] PluginManager:220 - loadIPPluginJar : add tsc
2026-01-12 18:10:03,366 [INFO] IPUIPlugin:80 - create IPUIPlugin
2026-01-12 18:10:03,366 [INFO] PluginManager:220 - loadIPPluginJar : add extmemmanager
2026-01-12 18:10:03,367 [INFO] IPUIPlugin:80 - create IPUIPlugin
2026-01-12 18:10:03,368 [INFO] PluginManager:220 - loadIPPluginJar : add ts
2026-01-12 18:10:03,369 [INFO] IPUIPlugin:80 - create IPUIPlugin
2026-01-12 18:10:03,369 [INFO] PluginManager:220 - loadIPPluginJar : add radio
2026-01-12 18:10:03,370 [INFO] IPUIPlugin:80 - create IPUIPlugin
2026-01-12 18:10:03,370 [INFO] PluginManager:220 - loadIPPluginJar : add can
2026-01-12 18:10:03,371 [INFO] IPUIPlugin:80 - create IPUIPlugin
2026-01-12 18:10:03,371 [INFO] PluginManager:220 - loadIPPluginJar : add dma3
2026-01-12 18:10:03,373 [INFO] IPUIPlugin:80 - create IPUIPlugin
2026-01-12 18:10:03,373 [INFO] PluginManager:220 - loadIPPluginJar : add dfsdm
2026-01-12 18:10:03,374 [INFO] IPUIPlugin:80 - create IPUIPlugin
2026-01-12 18:10:03,374 [INFO] PluginManager:220 - loadIPPluginJar : add spi
2026-01-12 18:10:03,375 [INFO] IPUIPlugin:80 - create IPUIPlugin
2026-01-12 18:10:03,375 [INFO] PluginManager:220 - loadIPPluginJar : add gfxmmu
2026-01-12 18:10:03,376 [INFO] IPUIPlugin:80 - create IPUIPlugin
2026-01-12 18:10:03,376 [INFO] PluginManager:220 - loadIPPluginJar : add genericplugin
2026-01-12 18:10:03,377 [INFO] IPUIPlugin:80 - create IPUIPlugin
2026-01-12 18:10:03,377 [INFO] PluginManager:220 - loadIPPluginJar : add cryp
2026-01-12 18:10:03,380 [INFO] IPUIPlugin:80 - create IPUIPlugin
2026-01-12 18:10:03,380 [INFO] PluginManager:220 - loadIPPluginJar : add gpio
2026-01-12 18:10:03,382 [INFO] IPUIPlugin:80 - create IPUIPlugin
2026-01-12 18:10:03,382 [INFO] PluginManager:220 - loadIPPluginJar : add ddr_ctrl_phy
2026-01-12 18:10:03,383 [INFO] IPUIPlugin:80 - create IPUIPlugin
2026-01-12 18:10:03,383 [INFO] PluginManager:220 - loadIPPluginJar : add comp
2026-01-12 18:10:03,384 [INFO] IPUIPlugin:80 - create IPUIPlugin
2026-01-12 18:10:03,385 [INFO] PluginManager:220 - loadIPPluginJar : add tracer_emb
2026-01-12 18:10:03,386 [INFO] IPUIPlugin:80 - create IPUIPlugin
2026-01-12 18:10:03,386 [INFO] PluginManager:220 - loadIPPluginJar : add openamp
2026-01-12 18:10:03,388 [INFO] IPUIPlugin:80 - create IPUIPlugin
2026-01-12 18:10:03,388 [INFO] PluginManager:220 - loadIPPluginJar : add stm32_wpan
2026-01-12 18:10:03,392 [INFO] IPUIPlugin:80 - create IPUIPlugin
2026-01-12 18:10:03,396 [INFO] PluginManager:220 - loadIPPluginJar : add plateformsettings
2026-01-12 18:10:03,398 [INFO] IPUIPlugin:80 - create IPUIPlugin
2026-01-12 18:10:03,398 [INFO] PluginManager:220 - loadIPPluginJar : add ipddr
2026-01-12 18:10:03,399 [INFO] IPUIPlugin:80 - create IPUIPlugin
2026-01-12 18:10:03,399 [INFO] PluginManager:220 - loadIPPluginJar : add usart
2026-01-12 18:10:03,399 [INFO] IPUIPlugin:80 - create IPUIPlugin
2026-01-12 18:10:03,399 [INFO] PluginManager:220 - loadIPPluginJar : add ltdc
2026-01-12 18:10:03,401 [INFO] IPUIPlugin:80 - create IPUIPlugin
2026-01-12 18:10:03,401 [INFO] PluginManager:220 - loadIPPluginJar : add nvic
2026-01-12 18:10:03,402 [INFO] IPUIPlugin:80 - create IPUIPlugin
2026-01-12 18:10:03,402 [INFO] PluginManager:220 - loadIPPluginJar : add fatfs
2026-01-12 18:10:03,405 [INFO] IPUIPlugin:80 - create IPUIPlugin
2026-01-12 18:10:03,405 [INFO] PluginManager:220 - loadIPPluginJar : add linkedlist
2026-01-12 18:10:03,407 [INFO] IPUIPlugin:80 - create IPUIPlugin
2026-01-12 18:10:03,408 [INFO] PluginManager:220 - loadIPPluginJar : add dma
2026-01-12 18:10:03,409 [INFO] IPUIPlugin:80 - create IPUIPlugin
2026-01-12 18:10:03,409 [INFO] PluginManager:220 - loadIPPluginJar : add fmc
2026-01-12 18:10:03,410 [INFO] IPUIPlugin:80 - create IPUIPlugin
2026-01-12 18:10:03,410 [INFO] PluginManager:220 - loadIPPluginJar : add i2s
2026-01-12 18:10:03,411 [INFO] IPUIPlugin:80 - create IPUIPlugin
2026-01-12 18:10:03,411 [INFO] PluginManager:220 - loadIPPluginJar : add ucpd
2026-01-12 18:10:03,412 [INFO] IPUIPlugin:80 - create IPUIPlugin
2026-01-12 18:10:03,412 [INFO] PluginManager:220 - loadIPPluginJar : add lorawan
2026-01-12 18:10:03,414 [INFO] IPUIPlugin:80 - create IPUIPlugin
2026-01-12 18:10:03,414 [INFO] PluginManager:220 - loadIPPluginJar : add opamp
2026-01-12 18:10:03,415 [INFO] IPUIPlugin:80 - create IPUIPlugin
2026-01-12 18:10:03,416 [INFO] PluginManager:220 - loadIPPluginJar : add i3c
2026-01-12 18:10:03,418 [INFO] IPUIPlugin:80 - create IPUIPlugin
2026-01-12 18:10:03,418 [INFO] PluginManager:220 - loadIPPluginJar : add touchsensing
2026-01-12 18:10:03,420 [INFO] IPUIPlugin:80 - create IPUIPlugin
2026-01-12 18:10:03,420 [INFO] PluginManager:220 - loadIPPluginJar : add i2c
2026-01-12 18:10:03,422 [INFO] IPUIPlugin:80 - create IPUIPlugin
2026-01-12 18:10:03,422 [INFO] PluginManager:220 - loadIPPluginJar : add resmgrutility
2026-01-12 18:10:03,423 [INFO] IPUIPlugin:80 - create IPUIPlugin
2026-01-12 18:10:03,423 [INFO] PluginManager:220 - loadIPPluginJar : add sai
2026-01-12 18:10:03,424 [INFO] IPUIPlugin:80 - create IPUIPlugin
2026-01-12 18:10:03,424 [INFO] PluginManager:220 - loadIPPluginJar : add usbx
2026-01-12 18:10:03,540 [FATAL] Updater:351 - Updater called before beeing initialized
2026-01-12 18:10:03,604 [INFO] RulesReader:64 - Compatibility file has been processed (317 Rules)
2026-01-12 18:10:03,628 [INFO] RulesReader:64 - Compatibility file has been processed (317 Rules)
2026-01-12 18:10:03,636 [INFO] CADModel:165 - CPN selected for project level
2026-01-12 18:10:03,637 [INFO] CADModel:114 - Register for checkConnection events
2026-01-12 18:10:03,637 [FATAL] Updater:351 - Updater called before beeing initialized
2026-01-12 18:10:03,637 [ERROR] CADModel:125 - Updater not yet initialized, retry later 
2026-01-12 18:10:03,859 [FATAL] Updater:351 - Updater called before beeing initialized
2026-01-12 18:10:03,860 [INFO] CADModel:165 - CPN selected for project level
2026-01-12 18:10:03,860 [INFO] CADModel:114 - Register for checkConnection events
2026-01-12 18:10:03,860 [FATAL] Updater:351 - Updater called before beeing initialized
2026-01-12 18:10:03,860 [ERROR] CADModel:125 - Updater not yet initialized, retry later 
2026-01-12 18:10:03,863 [FATAL] Updater:351 - Updater called before beeing initialized
2026-01-12 18:10:04,021 [FATAL] Updater:351 - Updater called before beeing initialized
2026-01-12 18:10:04,025 [INFO] DbMcusAds:53 - JSON generation date=Thu Jan 08 09:56:32 CST 2026 (1767887792457)
2026-01-12 18:10:04,025 [FATAL] Updater:351 - Updater called before beeing initialized
2026-01-12 18:10:04,072 [WARN] DetailPanel:346 - Failed to get advertising image, set to default
2026-01-12 18:10:04,141 [FATAL] Updater:351 - Updater called before beeing initialized
2026-01-12 18:10:04,144 [FATAL] Updater:351 - Updater called before beeing initialized
2026-01-12 18:10:04,144 [FATAL] Updater:351 - Updater called before beeing initialized
2026-01-12 18:10:04,145 [WARN] DetailPanel:346 - Failed to get advertising image, set to default
2026-01-12 18:10:04,146 [FATAL] Updater:351 - Updater called before beeing initialized
2026-01-12 18:10:04,203 [ERROR] Updater:1198 - MainUpdater not yet initialized. External WinMGr cannot be set.
2026-01-12 18:10:04,212 [INFO] Updater:1134 - Updater Version found : 6.15.0
2026-01-12 18:10:04,222 [INFO] ApplicationProperties:184 - Using Application install path: /Applications/STM32CubeIDE.app/Contents/Eclipse/plugins/com.st.stm32cube.common.mx_6.15.0.202507011659
2026-01-12 18:10:04,586 [INFO] MainUpdater:2872 - connection check result : 10
2026-01-12 18:10:04,587 [INFO] MainUpdater:289 - Updater Check For Update Now.
2026-01-12 18:10:04,587 [INFO] MicroXplorer:498 - Change Database Version : DB.6.0.150
2026-01-12 18:10:04,592 [INFO] McuFinderGlobals:63 - Set McuFinder mode to 2 (CubeIDE integrated)
2026-01-12 18:10:04,594 [INFO] UserAuth:487 - Internet connection configuration mode: 1
2026-01-12 18:10:04,606 [INFO] JxBrowserEngine:152 - Initiate JxBrowser Engine with user profile folder
2026-01-12 18:10:04,921 [INFO] CheckServerUpdateThread:120 - End of CheckServer Thread
2026-01-12 18:10:05,981 [WARN] PackLoader:240 - Cannot read IP mode file for STMicroelectronics.FP-SNS-MOTENVWB1.1.4.0
2026-01-12 18:10:06,000 [WARN] PackLoader:240 - Cannot read IP mode file for STMicroelectronics.FP-ATR-ASTRA1.2.0.2
2026-01-12 18:10:06,011 [WARN] PackLoader:240 - Cannot read IP mode file for STMicroelectronics.X-CUBE-SMBUS.2.1.0
2026-01-12 18:10:06,057 [WARN] PackLoader:240 - Cannot read IP mode file for STMicroelectronics.X-CUBE-AZRTOS-F7.1.1.0
2026-01-12 18:10:06,090 [WARN] PackLoader:240 - Cannot read IP mode file for Cesanta.I-CUBE-Mongoose.7.19.0
2026-01-12 18:10:06,104 [WARN] PackLoader:240 - Cannot read IP mode file for STMicroelectronics.FP-SNS-MOTENV1.5.1.0
2026-01-12 18:10:06,134 [WARN] PackLoader:240 - Cannot read IP mode file for WES.I-CUBE-Cesium.1.4.0
2026-01-12 18:10:06,198 [WARN] PackLoader:240 - Cannot read IP mode file for Infineon.AIROC-Wi-Fi-Bluetooth-STM32.1.7.1
2026-01-12 18:10:06,278 [WARN] PackLoader:240 - Cannot read IP mode file for STMicroelectronics.X-CUBE-AZRTOS-H7.3.4.0
2026-01-12 18:10:06,310 [WARN] PackLoader:240 - Cannot read IP mode file for STMicroelectronics.X-CUBE-DISPLAY.3.0.0
2026-01-12 18:10:06,341 [WARN] PackLoader:240 - Cannot read IP mode file for STMicroelectronics.X-CUBE-NFC10.1.0.0
2026-01-12 18:10:06,358 [WARN] PackLoader:240 - Cannot read IP mode file for STMicroelectronics.X-CUBE-ST60.1.1.0
2026-01-12 18:10:06,372 [WARN] PackLoader:240 - Cannot read IP mode file for emotas.I-CUBE-CANOPEN.1.3.0
2026-01-12 18:10:06,381 [WARN] PackLoader:240 - Cannot read IP mode file for STMicroelectronics.X-CUBE-GNSS1.7.1.0
2026-01-12 18:10:06,396 [WARN] PackLoader:240 - Cannot read IP mode file for STMicroelectronics.FP-SNS-STBOX1.2.1.0
2026-01-12 18:10:06,411 [WARN] PackLoader:240 - Cannot read IP mode file for STMicroelectronics.FP-SNS-SMARTAG2.1.2.0
2026-01-12 18:10:06,418 [WARN] PackLoader:240 - Cannot read IP mode file for STMicroelectronics.FP-SNS-FLIGHT1.5.1.0
2026-01-12 18:10:06,434 [INFO] LogOutputStream:77 - [STDOUT_REDIRECT] 1 : Invalid condition id : UX_CORESTACK_Condition cause : null
2026-01-12 18:10:06,438 [INFO] LogOutputStream:77 - [STDOUT_REDIRECT] 1 : Invalid condition id : UX_CORESTACK_Condition cause : null
2026-01-12 18:10:06,438 [INFO] LogOutputStream:77 - [STDOUT_REDIRECT] 1 : Invalid condition id : UX_CORESTACK_Condition cause : null
2026-01-12 18:10:06,438 [INFO] LogOutputStream:77 - [STDOUT_REDIRECT] 1 : Invalid condition id : UX_CORESTACK_Condition cause : null
2026-01-12 18:10:06,438 [INFO] LogOutputStream:77 - [STDOUT_REDIRECT] 1 : Invalid condition id : UX_CORESTACK_Condition cause : null
2026-01-12 18:10:06,445 [WARN] PackLoader:240 - Cannot read IP mode file for STMicroelectronics.X-CUBE-AZRTOS-WL.2.0.0
2026-01-12 18:10:06,462 [WARN] PackLoader:240 - Cannot read IP mode file for STMicroelectronics.FP-SNS-MOTENV1.5.0.0
2026-01-12 18:10:06,623 [WARN] PackLoader:240 - Cannot read IP mode file for STMicroelectronics.X-CUBE-AZRTOS-H7RS.1.2.0
2026-01-12 18:10:06,778 [WARN] PackLoader:240 - Cannot read IP mode file for STMicroelectronics.X-CUBE-BLE2.3.3.0
2026-01-12 18:10:06,865 [WARN] PackLoader:240 - Cannot read IP mode file for STMicroelectronics.X-CUBE-NFC9.1.0.0
2026-01-12 18:10:06,877 [WARN] PackLoader:240 - Cannot read IP mode file for wolfSSL.I-CUBE-wolfSSL.5.8.2
2026-01-12 18:10:06,886 [WARN] PackLoader:240 - Cannot read IP mode file for STMicroelectronics.X-CUBE-BLE1.7.1.0
2026-01-12 18:10:06,890 [WARN] PackLoader:240 - Cannot read IP mode file for wolfSSL.I-CUBE-wolfMQTT.1.19.2
2026-01-12 18:10:06,898 [WARN] PackLoader:240 - Cannot read IP mode file for STMicroelectronics.X-CUBE-FREERTOS.1.4.0
2026-01-12 18:10:06,906 [WARN] PackLoader:240 - Cannot read IP mode file for STMicroelectronics.X-CUBE-EEPRMA1.5.2.0
2026-01-12 18:10:06,918 [WARN] PackLoader:240 - Cannot read IP mode file for STMicroelectronics.X-CUBE-ST67W61.1.1.0
2026-01-12 18:10:06,982 [WARN] PackLoader:240 - Cannot read IP mode file for STMicroelectronics.X-CUBE-MEMS1.12.0.0
2026-01-12 18:10:07,084 [WARN] PackLoader:240 - Cannot read IP mode file for STMicroelectronics.X-CUBE-AZRTOS-G0.1.1.0
2026-01-12 18:10:07,095 [WARN] PackLoader:240 - Cannot read IP mode file for STMicroelectronics.X-CUBE-SAFEA1.1.2.2
2026-01-12 18:10:07,102 [WARN] PackLoader:240 - Cannot read IP mode file for STMicroelectronics.X-CUBE-NFC4.3.0.0
2026-01-12 18:10:07,112 [WARN] PackLoader:240 - Cannot read IP mode file for EmbeddedOffice.I-CUBE-FS-RTOS.1.0.1
2026-01-12 18:10:07,118 [WARN] PackLoader:240 - Cannot read IP mode file for STMicroelectronics.X-CUBE-WB05N.2.0.0
2026-01-12 18:10:07,155 [WARN] PackLoader:240 - Cannot read IP mode file for wolfSSL.I-CUBE-wolfTPM.3.8.0
2026-01-12 18:10:07,170 [WARN] PackLoader:240 - Cannot read IP mode file for STMicroelectronics.X-CUBE-TCPP.4.2.0
2026-01-12 18:10:07,178 [WARN] PackLoader:240 - Cannot read IP mode file for RealThread.X-CUBE-RT-Thread_Nano.4.1.1
2026-01-12 18:10:07,182 [WARN] PackLoader:240 - Cannot read IP mode file for STMicroelectronics.FP-ATR-SIGFOX1.3.2.0
2026-01-12 18:10:07,188 [WARN] PackLoader:240 - Cannot read IP mode file for ITTIA_DB.I-CUBE-ITTIADB.8.9.0
2026-01-12 18:10:07,193 [WARN] PackLoader:240 - Cannot read IP mode file for STMicroelectronics.X-CUBE-AI.10.2.0
2026-01-12 18:10:07,243 [WARN] PackLoader:240 - Cannot read IP mode file for SEGGER.I-CUBE-embOS.1.3.1
2026-01-12 18:10:07,279 [WARN] PackLoader:240 - Cannot read IP mode file for STMicroelectronics.X-CUBE-ALGOBUILD.1.4.0
2026-01-12 18:10:07,352 [WARN] PackLoader:240 - Cannot read IP mode file for STMicroelectronics.X-CUBE-MEMS1.11.3.0
2026-01-12 18:10:07,432 [WARN] PackLoader:240 - Cannot read IP mode file for STMicroelectronics.X-CUBE-PM33A1.1.0.0
2026-01-12 18:10:07,450 [WARN] PackLoader:240 - Cannot read IP mode file for STMicroelectronics.X-CUBE-AZRTOS-F4.1.1.0
2026-01-12 18:10:07,468 [WARN] PackLoader:240 - Cannot read IP mode file for STMicroelectronics.X-CUBE-ISPU.2.1.0
2026-01-12 18:10:07,479 [WARN] PackLoader:240 - Cannot read IP mode file for STMicroelectronics.X-CUBE-IPS.3.2.0
2026-01-12 18:10:07,491 [WARN] PackLoader:240 - Cannot read IP mode file for STMicroelectronics.X-CUBE-NFC12.1.0.0
2026-01-12 18:10:07,549 [WARN] PackLoader:240 - Cannot read IP mode file for STMicroelectronics.X-CUBE-AZRTOS-L5.2.0.0
2026-01-12 18:10:07,581 [WARN] PackLoader:240 - Cannot read IP mode file for STMicroelectronics.X-CUBE-NFC6.3.1.0
2026-01-12 18:10:07,590 [WARN] PackLoader:240 - Cannot read IP mode file for STMicroelectronics.X-CUBE-FREERTOS.1.3.1
2026-01-12 18:10:07,597 [WARN] PackLoader:240 - Cannot read IP mode file for STMicroelectronics.X-CUBE-TOUCHGFX.4.26.0
2026-01-12 18:10:07,602 [WARN] PackLoader:240 - Cannot read IP mode file for STMicroelectronics.FP-SNS-STAIOTCFT.1.0.0
2026-01-12 18:10:07,611 [WARN] PackLoader:240 - Cannot read IP mode file for STMicroelectronics.X-CUBE-DPower.1.3.0
2026-01-12 18:10:07,656 [WARN] ConditionMgr:438 - getConditionDescription Invalid condition id : LAN8742 Phy interface Condition cause : null
2026-01-12 18:10:07,657 [WARN] PackLoader:240 - Cannot read IP mode file for STMicroelectronics.X-CUBE-AZRTOS-L4.2.0.0
2026-01-12 18:10:07,660 [WARN] ConditionMgr:1044 - genDependencies : Invalid condition id : LAN8742 Phy interface Condition cause : null
2026-01-12 18:10:07,660 [WARN] ConditionMgr:1044 - genDependencies : Invalid condition id : LAN8742 Phy interface Condition cause : null
2026-01-12 18:10:07,662 [WARN] ConditionMgr:1044 - genDependencies : Invalid condition id : LAN8742 Phy interface Condition cause : null
2026-01-12 18:10:07,674 [WARN] PackLoader:240 - Cannot read IP mode file for STMicroelectronics.X-CUBE-SFXS2LP1.4.0.0
2026-01-12 18:10:07,694 [WARN] PackLoader:240 - Cannot read IP mode file for STMicroelectronics.X-CUBE-BLEMGR.4.1.0
2026-01-12 18:10:07,713 [WARN] ConditionMgr:438 - getConditionDescription Invalid condition id : UX DEVICE CLASS RTOS Condition cause : null
2026-01-12 18:10:07,713 [WARN] ConditionMgr:438 - getConditionDescription Invalid condition id : UX DEVICE CLASS RTOS Condition cause : null
2026-01-12 18:10:07,717 [WARN] PackLoader:240 - Cannot read IP mode file for STMicroelectronics.X-CUBE-AZRTOS-WB.2.0.0
2026-01-12 18:10:07,718 [WARN] ConditionMgr:1044 - genDependencies : Invalid condition id : UX DEVICE CLASS RTOS Condition cause : null
2026-01-12 18:10:07,718 [WARN] ConditionMgr:1044 - genDependencies : Invalid condition id : UX DEVICE CLASS RTOS Condition cause : null
2026-01-12 18:10:07,718 [WARN] ConditionMgr:1044 - genDependencies : Invalid condition id : UX DEVICE CLASS RTOS Condition cause : null
2026-01-12 18:10:07,719 [WARN] ConditionMgr:1044 - genDependencies : Invalid condition id : UX DEVICE CLASS RTOS Condition cause : null
2026-01-12 18:10:07,719 [WARN] ConditionMgr:1044 - genDependencies : Invalid condition id : UX DEVICE CLASS RTOS Condition cause : null
2026-01-12 18:10:07,735 [WARN] PackLoader:240 - Cannot read IP mode file for STMicroelectronics.X-CUBE-GNSS1.7.0.1
2026-01-12 18:10:07,741 [WARN] ConditionMgr:438 - getConditionDescription Invalid condition id : Cortex-A Device cause : null
2026-01-12 18:10:07,751 [WARN] ConditionMgr:1044 - genDependencies : Invalid condition id : Cortex-A Device cause : null
2026-01-12 18:10:07,751 [WARN] ConditionMgr:1044 - genDependencies : Invalid condition id : Cortex-A Device cause : null
2026-01-12 18:10:07,751 [WARN] ConditionMgr:1044 - genDependencies : Invalid condition id : Cortex-A Device cause : null
2026-01-12 18:10:07,764 [WARN] PackLoader:240 - Cannot read IP mode file for STMicroelectronics.X-CUBE-SUBG2.5.0.0
2026-01-12 18:10:07,797 [WARN] PackLoader:240 - Cannot read IP mode file for STMicroelectronics.X-CUBE-AZRTOS-H7RS.1.1.0
2026-01-12 18:10:07,819 [WARN] PackLoader:240 - Cannot read IP mode file for STMicroelectronics.X-CUBE-AZRTOS-G4.2.0.0
2026-01-12 18:10:07,838 [WARN] PackLoader:240 - Cannot read IP mode file for wolfSSL.I-CUBE-wolfSSH.1.4.20
2026-01-12 18:10:07,845 [WARN] PackLoader:240 - Cannot read IP mode file for STMicroelectronics.X-CUBE-NFC7.2.0.0
2026-01-12 18:10:07,852 [WARN] PackLoader:240 - Cannot read IP mode file for STMicroelectronics.X-CUBE-ALS.1.0.2
2026-01-12 18:10:07,864 [WARN] PackLoader:240 - Cannot read IP mode file for STMicroelectronics.X-CUBE-STSE01.1.0.0
2026-01-12 18:10:07,877 [WARN] PackLoader:240 - Cannot read IP mode file for STMicroelectronics.X-CUBE-TOF1.3.4.3
2026-01-12 18:10:07,887 [INFO] ThirdParty:978 - Integrity check success = true
2026-01-12 18:10:07,887 [INFO] IntegrityCheckThread:100 - exiting critical section [integrity check]
2026-01-12 18:10:07,887 [INFO] IntegrityCheckThread:103 - End integrity checks thread
2026-01-12 18:10:08,703 [INFO] WebApp:169 - Instantiating new browser for Auth
2026-01-12 18:10:09,825 [INFO] WebApp:463 - Apply proxy settings
2026-01-12 18:10:09,836 [INFO] WebApp:508 - Chromium authenticates against Manually configured proxy
2026-01-12 18:10:09,853 [INFO] WebApp:516 - Username used for proxy authentication: 
2026-01-12 18:10:09,892 [INFO] WebApp:900 - Register for checkConnection events
2026-01-12 18:10:09,892 [INFO] WebApp:463 - Apply proxy settings
2026-01-12 18:10:09,896 [INFO] WebApp:508 - Chromium authenticates against Manually configured proxy
2026-01-12 18:10:09,897 [INFO] WebApp:516 - Username used for proxy authentication: 
2026-01-12 18:10:10,043 [INFO] WebApp:225 - Starting web application
2026-01-12 18:10:10,043 [INFO] WebApp:593 - Web application path used /Applications/STM32CubeIDE.app/Contents/Eclipse/plugins/com.st.stm32cube.common.mx_6.15.0.202507011659/db/plugins/mcufinder/reactClient1/index.html
2026-01-12 18:10:10,536 [INFO] WebApp:191 - Connection restablished
2026-01-12 18:10:10,648 [INFO] UserAuth:487 - Internet connection configuration mode: 1
2026-01-12 18:14:57,342 [INFO] Activator:176 - 


2026-01-12 18:14:57,343 [INFO] Activator:177 - !SESSION log4j initialized
2026-01-12 18:14:58,691 [INFO] LogOutputStream:77 - [STDOUT_REDIRECT] 
2026-01-12 18:14:59,758 [ERROR] LogOutputStream:75 - [STDERR_REDIRECT] 
2026-01-12 18:15:01,457 [INFO] LogOutputStream:77 - [STDOUT_REDIRECT] 
2026-01-12 18:15:03,415 [INFO] ApplicationProperties:184 - Using Application install path: /Applications/STM32CubeIDE.app/Contents/Eclipse/plugins/com.st.stm32cube.common.mx_6.15.0.202507011659
2026-01-12 18:15:03,426 [INFO] DbMcusXml:78 - Set database path to: /Applications/STM32CubeIDE.app/Contents/Eclipse/plugins/com.st.stm32cube.common.mx_6.15.0.202507011659//db//mcu/
2026-01-12 18:15:03,426 [INFO] ApiDb:274 - Set plugin database path to: /Applications/STM32CubeIDE.app/Contents/Eclipse/plugins/com.st.stm32cube.common.mx_6.15.0.202507011659//db//plugins/boardmanager/
2026-01-12 18:15:03,427 [WARN] ApiDb:259 - Overriding images path with different value:  => /Applications/STM32CubeIDE.app/Contents/Eclipse/plugins/com.st.stm32cube.common.mx_6.15.0.202507011659//db//plugins/mcufinder/images/
2026-01-12 18:15:03,431 [INFO] ApiDb:250 - Set database path to: /Users/sm/.stmcufinder/plugins/mcufinder//mcu/
2026-01-12 18:15:03,431 [INFO] DbMcusAds:125 - Set database path to: /Users/sm/.stmcufinder/plugins/mcufinder//mcu/
2026-01-12 18:15:03,432 [INFO] CrossReferenceDbSqlite:203 - Set database path to: /Users/sm/.stmcufinder/plugins/mcufinder//mcu/cs/
2026-01-12 18:15:03,553 [INFO] RulesReader:64 - Compatibility file has been processed (317 Rules)
2026-01-12 18:15:03,597 [INFO] DbMcusXml:78 - Set database path to: /Applications/STM32CubeIDE.app/Contents/Eclipse/plugins/com.st.stm32cube.common.mx_6.15.0.202507011659//db//mcu/
2026-01-12 18:15:03,597 [INFO] ApiDb:274 - Set plugin database path to: /Applications/STM32CubeIDE.app/Contents/Eclipse/plugins/com.st.stm32cube.common.mx_6.15.0.202507011659//db//plugins/boardmanager/
2026-01-12 18:15:03,598 [INFO] ApiDb:261 - Set plugin images path to: /Applications/STM32CubeIDE.app/Contents/Eclipse/plugins/com.st.stm32cube.common.mx_6.15.0.202507011659//db//plugins/mcufinder/images/
2026-01-12 18:15:03,598 [WARN] DbFile:41 - Overriding database path with different value: /Users/sm/.stmcufinder/plugins/mcufinder/ => /Users/sm/.stmcufinder/plugins/mcufinder
2026-01-12 18:15:03,598 [INFO] ApiDb:250 - Set database path to: /Users/sm/.stmcufinder/plugins/mcufinder//mcu/
2026-01-12 18:15:03,598 [WARN] DbFile:41 - Overriding database path with different value: /Users/sm/.stmcufinder/plugins/mcufinder/ => /Users/sm/.stmcufinder/plugins/mcufinder
2026-01-12 18:15:03,598 [INFO] DbMcusAds:125 - Set database path to: /Users/sm/.stmcufinder/plugins/mcufinder//mcu/
2026-01-12 18:15:03,598 [WARN] DbFile:41 - Overriding database path with different value: /Users/sm/.stmcufinder/plugins/mcufinder/ => /Users/sm/.stmcufinder/plugins/mcufinder
2026-01-12 18:15:03,598 [WARN] DbFile:41 - Overriding database path with different value: /Users/sm/.stmcufinder/plugins/mcufinder/ => /Users/sm/.stmcufinder/plugins/mcufinder
2026-01-12 18:15:03,598 [INFO] CrossReferenceDbSqlite:203 - Set database path to: /Users/sm/.stmcufinder/plugins/mcufinder//mcu/cs/
2026-01-12 18:15:03,652 [INFO] MainPanel:274 - HeapMemory: 268435456
2026-01-12 18:15:03,829 [INFO] DbMcusXml:78 - Set database path to: /Applications/STM32CubeIDE.app/Contents/Eclipse/plugins/com.st.stm32cube.common.mx_6.15.0.202507011659//db//mcu/
2026-01-12 18:15:03,829 [INFO] ApiDb:274 - Set plugin database path to: /Applications/STM32CubeIDE.app/Contents/Eclipse/plugins/com.st.stm32cube.common.mx_6.15.0.202507011659//db//plugins/boardmanager/
2026-01-12 18:15:03,829 [INFO] ApiDb:261 - Set plugin images path to: /Applications/STM32CubeIDE.app/Contents/Eclipse/plugins/com.st.stm32cube.common.mx_6.15.0.202507011659//db//plugins/mcufinder/images/
2026-01-12 18:15:03,829 [WARN] DbFile:41 - Overriding database path with different value: /Users/sm/.stmcufinder/plugins/mcufinder/ => /Users/sm/.stmcufinder/plugins/mcufinder
2026-01-12 18:15:03,829 [INFO] ApiDb:250 - Set database path to: /Users/sm/.stmcufinder/plugins/mcufinder//mcu/
2026-01-12 18:15:03,829 [WARN] DbFile:41 - Overriding database path with different value: /Users/sm/.stmcufinder/plugins/mcufinder/ => /Users/sm/.stmcufinder/plugins/mcufinder
2026-01-12 18:15:03,829 [INFO] DbMcusAds:125 - Set database path to: /Users/sm/.stmcufinder/plugins/mcufinder//mcu/
2026-01-12 18:15:03,830 [WARN] DbFile:41 - Overriding database path with different value: /Users/sm/.stmcufinder/plugins/mcufinder/ => /Users/sm/.stmcufinder/plugins/mcufinder
2026-01-12 18:15:03,830 [WARN] DbFile:41 - Overriding database path with different value: /Users/sm/.stmcufinder/plugins/mcufinder/ => /Users/sm/.stmcufinder/plugins/mcufinder
2026-01-12 18:15:03,830 [INFO] CrossReferenceDbSqlite:203 - Set database path to: /Users/sm/.stmcufinder/plugins/mcufinder//mcu/cs/
2026-01-12 18:15:03,843 [INFO] ApplicationProperties:184 - Using Application install path: /Applications/STM32CubeIDE.app/Contents/Eclipse/plugins/com.st.stm32cube.common.mx_6.15.0.202507011659
2026-01-12 18:15:03,844 [INFO] PluginManage:196 - Search for loadable plugins [exclusion list=, ]
2026-01-12 18:15:03,846 [INFO] PluginManage:310 - Check plugin analytics
2026-01-12 18:15:04,012 [INFO] AnalyticsPlugin:253 - Accepted Software Licenses: 
2026-01-12 18:15:04,013 [INFO] AnalyticsPlugin:255 - Accepted CMSIS Pack Licenses: 
2026-01-12 18:15:04,013 [INFO] AnalyticsPlugin:257 - Accepted Firmware Licenses: FW.H7.1.12.0
2026-01-12 18:15:04,036 [INFO] PluginManage:359 - Loaded plugin analytics (category:tool,tabindex:-1)
2026-01-12 18:15:04,037 [INFO] PluginManage:310 - Check plugin cadmodel
2026-01-12 18:15:04,050 [INFO] CADModel:105 - Init CAD model plugin
2026-01-12 18:15:04,050 [INFO] PluginManage:359 - Loaded plugin cadmodel (category:power,tabindex:5)
2026-01-12 18:15:04,050 [INFO] PluginManage:310 - Check plugin clock
2026-01-12 18:15:04,064 [INFO] PluginManage:359 - Loaded plugin clock (category:base,tabindex:2)
2026-01-12 18:15:04,065 [INFO] PluginManage:310 - Check plugin ddr
2026-01-12 18:15:04,066 [INFO] PluginManage:359 - Loaded plugin ddr (category:tool,tabindex:6)
2026-01-12 18:15:04,066 [INFO] PluginManage:310 - Check plugin filemanager
2026-01-12 18:15:04,261 [INFO] PluginManage:359 - Loaded plugin filemanager (category:base,tabindex:10)
2026-01-12 18:15:04,261 [INFO] PluginManage:310 - Check plugin ipmanager
2026-01-12 18:15:04,273 [INFO] PluginManage:359 - Loaded plugin ipmanager (category:base,tabindex:5)
2026-01-12 18:15:04,274 [INFO] PluginManage:310 - Check plugin lpbam
2026-01-12 18:15:04,287 [INFO] PluginManage:359 - Loaded plugin lpbam (category:base,tabindex:0)
2026-01-12 18:15:04,288 [INFO] PluginManage:310 - Check plugin memorymap
2026-01-12 18:15:04,300 [INFO] PluginManage:359 - Loaded plugin memorymap (category:base,tabindex:4)
2026-01-12 18:15:04,300 [INFO] PluginManage:310 - Check plugin pinoutandconfiguration
2026-01-12 18:15:04,345 [INFO] PluginManage:359 - Loaded plugin pinoutandconfiguration (category:base,tabindex:1)
2026-01-12 18:15:04,346 [INFO] PluginManage:310 - Check plugin pinoutconfig
2026-01-12 18:15:04,918 [WARN] SupportedApi:132 - Cannot load RTOS API schema: s4s-elt-must-match.1: The content of 'definitions' must match (annotation?, (simpleType | complexType)?, (unique | key | keyref)*)). A problem was found starting at: attribute.
2026-01-12 18:15:05,129 [INFO] PluginManage:359 - Loaded plugin pinoutconfig (category:base,tabindex:0)
2026-01-12 18:15:05,131 [INFO] PluginManage:310 - Check plugin power
2026-01-12 18:15:05,163 [INFO] PluginManage:359 - Loaded plugin power (category:power,tabindex:4)
2026-01-12 18:15:05,165 [INFO] PluginManage:310 - Check plugin projectmanager
2026-01-12 18:15:05,210 [INFO] PluginManage:359 - Loaded plugin projectmanager (category:projectmanager,tabindex:4)
2026-01-12 18:15:05,211 [INFO] PluginManage:310 - Check plugin rif
2026-01-12 18:15:05,216 [INFO] PluginManage:359 - Loaded plugin rif (category:base,tabindex:3)
2026-01-12 18:15:05,217 [INFO] PluginManage:310 - Check plugin thirdparty
2026-01-12 18:15:05,401 [INFO] PluginManage:359 - Loaded plugin thirdparty (category:base,tabindex:-1)
2026-01-12 18:15:05,402 [INFO] PluginManage:310 - Check plugin tools
2026-01-12 18:15:05,407 [INFO] PluginManage:359 - Loaded plugin tools (category:base,tabindex:7)
2026-01-12 18:15:05,407 [INFO] PluginManage:310 - Check plugin tutovideos
2026-01-12 18:15:05,401 [WARN] IntegrityCheckThread:84 - waiting for thirdparty lock release [integrity check]
2026-01-12 18:15:05,407 [INFO] IntegrityCheckThread:86 - entering critical section [integrity check]
2026-01-12 18:15:05,409 [INFO] ThirdPartyUpdaterWithRetryManager:70 - Updater plugin not ready yet. [1/15]
2026-01-12 18:15:05,550 [INFO] PluginManage:359 - Loaded plugin tutovideos (category:base,tabindex:-1)
2026-01-12 18:15:05,551 [INFO] PluginManage:310 - Check plugin updater
2026-01-12 18:15:05,576 [INFO] PluginManage:359 - Loaded plugin updater (category:base,tabindex:12)
2026-01-12 18:15:05,576 [INFO] PluginManage:310 - Check plugin userauth
2026-01-12 18:15:05,579 [INFO] UserAuth:118 - Init User Auth plugin
2026-01-12 18:15:05,581 [INFO] PluginManage:359 - Loaded plugin userauth (category:base,tabindex:14)
2026-01-12 18:15:05,583 [INFO] PluginManage:283 - PluginManage : Loaded plugins [18]
2026-01-12 18:15:05,801 [INFO] PinOutPanel:1589 - setPackage(No Configuration,No Configuration)
2026-01-12 18:15:05,868 [INFO] CADModel:165 - CPN selected for project level
2026-01-12 18:15:05,869 [INFO] CADModel:114 - Register for checkConnection events
2026-01-12 18:15:05,877 [INFO] IPUIPlugin:80 - create IPUIPlugin
2026-01-12 18:15:05,877 [INFO] PluginManager:220 - loadIPPluginJar : add mdma
2026-01-12 18:15:05,881 [INFO] IPUIPlugin:80 - create IPUIPlugin
2026-01-12 18:15:05,882 [INFO] PluginManager:220 - loadIPPluginJar : add freertos
2026-01-12 18:15:05,884 [INFO] IPUIPlugin:80 - create IPUIPlugin
2026-01-12 18:15:05,884 [INFO] PluginManager:220 - loadIPPluginJar : add gic
2026-01-12 18:15:05,889 [INFO] IPUIPlugin:80 - create IPUIPlugin
2026-01-12 18:15:05,889 [INFO] PluginManager:220 - loadIPPluginJar : add adc
2026-01-12 18:15:05,890 [INFO] IPUIPlugin:80 - create IPUIPlugin
2026-01-12 18:15:05,890 [INFO] PluginManager:220 - loadIPPluginJar : add gtzc
2026-01-12 18:15:05,890 [INFO] IPUIPlugin:80 - create IPUIPlugin
2026-01-12 18:15:05,890 [INFO] PluginManager:220 - loadIPPluginJar : add quadspi
2026-01-12 18:15:05,891 [INFO] IPUIPlugin:80 - create IPUIPlugin
2026-01-12 18:15:05,891 [INFO] PluginManager:220 - loadIPPluginJar : add aes
2026-01-12 18:15:05,892 [INFO] IPUIPlugin:80 - create IPUIPlugin
2026-01-12 18:15:05,892 [INFO] PluginManager:220 - loadIPPluginJar : add pdm2pcm
2026-01-12 18:15:05,893 [INFO] IPUIPlugin:80 - create IPUIPlugin
2026-01-12 18:15:05,894 [INFO] PluginManager:220 - loadIPPluginJar : add hash
2026-01-12 18:15:05,894 [INFO] IPUIPlugin:80 - create IPUIPlugin
2026-01-12 18:15:05,894 [INFO] PluginManager:220 - loadIPPluginJar : add tim
2026-01-12 18:15:05,895 [INFO] IPUIPlugin:80 - create IPUIPlugin
2026-01-12 18:15:05,895 [INFO] PluginManager:220 - loadIPPluginJar : add tsc
2026-01-12 18:15:05,896 [INFO] IPUIPlugin:80 - create IPUIPlugin
2026-01-12 18:15:05,897 [INFO] PluginManager:220 - loadIPPluginJar : add extmemmanager
2026-01-12 18:15:05,898 [INFO] IPUIPlugin:80 - create IPUIPlugin
2026-01-12 18:15:05,898 [INFO] PluginManager:220 - loadIPPluginJar : add ts
2026-01-12 18:15:05,898 [INFO] IPUIPlugin:80 - create IPUIPlugin
2026-01-12 18:15:05,898 [INFO] PluginManager:220 - loadIPPluginJar : add radio
2026-01-12 18:15:05,899 [INFO] IPUIPlugin:80 - create IPUIPlugin
2026-01-12 18:15:05,899 [INFO] PluginManager:220 - loadIPPluginJar : add can
2026-01-12 18:15:05,900 [INFO] IPUIPlugin:80 - create IPUIPlugin
2026-01-12 18:15:05,900 [INFO] PluginManager:220 - loadIPPluginJar : add dma3
2026-01-12 18:15:05,902 [INFO] IPUIPlugin:80 - create IPUIPlugin
2026-01-12 18:15:05,902 [INFO] PluginManager:220 - loadIPPluginJar : add dfsdm
2026-01-12 18:15:05,904 [INFO] IPUIPlugin:80 - create IPUIPlugin
2026-01-12 18:15:05,904 [INFO] PluginManager:220 - loadIPPluginJar : add spi
2026-01-12 18:15:05,905 [INFO] IPUIPlugin:80 - create IPUIPlugin
2026-01-12 18:15:05,905 [INFO] PluginManager:220 - loadIPPluginJar : add gfxmmu
2026-01-12 18:15:05,906 [INFO] IPUIPlugin:80 - create IPUIPlugin
2026-01-12 18:15:05,906 [INFO] PluginManager:220 - loadIPPluginJar : add genericplugin
2026-01-12 18:15:05,907 [INFO] IPUIPlugin:80 - create IPUIPlugin
2026-01-12 18:15:05,907 [INFO] PluginManager:220 - loadIPPluginJar : add cryp
2026-01-12 18:15:05,909 [INFO] IPUIPlugin:80 - create IPUIPlugin
2026-01-12 18:15:05,910 [INFO] PluginManager:220 - loadIPPluginJar : add gpio
2026-01-12 18:15:05,911 [INFO] IPUIPlugin:80 - create IPUIPlugin
2026-01-12 18:15:05,911 [INFO] PluginManager:220 - loadIPPluginJar : add ddr_ctrl_phy
2026-01-12 18:15:05,912 [INFO] IPUIPlugin:80 - create IPUIPlugin
2026-01-12 18:15:05,912 [INFO] PluginManager:220 - loadIPPluginJar : add comp
2026-01-12 18:15:05,914 [INFO] IPUIPlugin:80 - create IPUIPlugin
2026-01-12 18:15:05,915 [INFO] PluginManager:220 - loadIPPluginJar : add tracer_emb
2026-01-12 18:15:05,916 [INFO] IPUIPlugin:80 - create IPUIPlugin
2026-01-12 18:15:05,916 [INFO] PluginManager:220 - loadIPPluginJar : add openamp
2026-01-12 18:15:05,918 [INFO] IPUIPlugin:80 - create IPUIPlugin
2026-01-12 18:15:05,919 [INFO] PluginManager:220 - loadIPPluginJar : add stm32_wpan
2026-01-12 18:15:05,921 [INFO] IPUIPlugin:80 - create IPUIPlugin
2026-01-12 18:15:05,925 [INFO] PluginManager:220 - loadIPPluginJar : add plateformsettings
2026-01-12 18:15:05,927 [INFO] IPUIPlugin:80 - create IPUIPlugin
2026-01-12 18:15:05,927 [INFO] PluginManager:220 - loadIPPluginJar : add ipddr
2026-01-12 18:15:05,928 [INFO] IPUIPlugin:80 - create IPUIPlugin
2026-01-12 18:15:05,928 [INFO] PluginManager:220 - loadIPPluginJar : add usart
2026-01-12 18:15:05,928 [INFO] IPUIPlugin:80 - create IPUIPlugin
2026-01-12 18:15:05,928 [INFO] PluginManager:220 - loadIPPluginJar : add ltdc
2026-01-12 18:15:05,930 [INFO] IPUIPlugin:80 - create IPUIPlugin
2026-01-12 18:15:05,931 [INFO] PluginManager:220 - loadIPPluginJar : add nvic
2026-01-12 18:15:05,932 [INFO] IPUIPlugin:80 - create IPUIPlugin
2026-01-12 18:15:05,932 [INFO] PluginManager:220 - loadIPPluginJar : add fatfs
2026-01-12 18:15:05,935 [INFO] IPUIPlugin:80 - create IPUIPlugin
2026-01-12 18:15:05,935 [INFO] PluginManager:220 - loadIPPluginJar : add linkedlist
2026-01-12 18:15:05,937 [INFO] IPUIPlugin:80 - create IPUIPlugin
2026-01-12 18:15:05,937 [INFO] PluginManager:220 - loadIPPluginJar : add dma
2026-01-12 18:15:05,939 [INFO] IPUIPlugin:80 - create IPUIPlugin
2026-01-12 18:15:05,939 [INFO] PluginManager:220 - loadIPPluginJar : add fmc
2026-01-12 18:15:05,940 [INFO] IPUIPlugin:80 - create IPUIPlugin
2026-01-12 18:15:05,940 [INFO] PluginManager:220 - loadIPPluginJar : add i2s
2026-01-12 18:15:05,941 [INFO] IPUIPlugin:80 - create IPUIPlugin
2026-01-12 18:15:05,941 [INFO] PluginManager:220 - loadIPPluginJar : add ucpd
2026-01-12 18:15:05,942 [INFO] IPUIPlugin:80 - create IPUIPlugin
2026-01-12 18:15:05,942 [INFO] PluginManager:220 - loadIPPluginJar : add lorawan
2026-01-12 18:15:05,943 [INFO] IPUIPlugin:80 - create IPUIPlugin
2026-01-12 18:15:05,944 [INFO] PluginManager:220 - loadIPPluginJar : add opamp
2026-01-12 18:15:05,945 [INFO] IPUIPlugin:80 - create IPUIPlugin
2026-01-12 18:15:05,945 [INFO] PluginManager:220 - loadIPPluginJar : add i3c
2026-01-12 18:15:05,946 [INFO] IPUIPlugin:80 - create IPUIPlugin
2026-01-12 18:15:05,946 [INFO] PluginManager:220 - loadIPPluginJar : add touchsensing
2026-01-12 18:15:05,948 [INFO] IPUIPlugin:80 - create IPUIPlugin
2026-01-12 18:15:05,948 [INFO] PluginManager:220 - loadIPPluginJar : add i2c
2026-01-12 18:15:05,950 [INFO] IPUIPlugin:80 - create IPUIPlugin
2026-01-12 18:15:05,950 [INFO] PluginManager:220 - loadIPPluginJar : add resmgrutility
2026-01-12 18:15:05,951 [INFO] IPUIPlugin:80 - create IPUIPlugin
2026-01-12 18:15:05,951 [INFO] PluginManager:220 - loadIPPluginJar : add sai
2026-01-12 18:15:05,952 [INFO] IPUIPlugin:80 - create IPUIPlugin
2026-01-12 18:15:05,952 [INFO] PluginManager:220 - loadIPPluginJar : add usbx
2026-01-12 18:15:06,067 [FATAL] Updater:351 - Updater called before beeing initialized
2026-01-12 18:15:06,119 [INFO] RulesReader:64 - Compatibility file has been processed (317 Rules)
2026-01-12 18:15:06,136 [INFO] RulesReader:64 - Compatibility file has been processed (317 Rules)
2026-01-12 18:15:06,147 [INFO] CADModel:165 - CPN selected for project level
2026-01-12 18:15:06,147 [INFO] CADModel:114 - Register for checkConnection events
2026-01-12 18:15:06,147 [FATAL] Updater:351 - Updater called before beeing initialized
2026-01-12 18:15:06,147 [ERROR] CADModel:125 - Updater not yet initialized, retry later 
2026-01-12 18:15:06,370 [FATAL] Updater:351 - Updater called before beeing initialized
2026-01-12 18:15:06,371 [INFO] CADModel:165 - CPN selected for project level
2026-01-12 18:15:06,371 [INFO] CADModel:114 - Register for checkConnection events
2026-01-12 18:15:06,371 [FATAL] Updater:351 - Updater called before beeing initialized
2026-01-12 18:15:06,371 [ERROR] CADModel:125 - Updater not yet initialized, retry later 
2026-01-12 18:15:06,373 [FATAL] Updater:351 - Updater called before beeing initialized
2026-01-12 18:15:06,529 [FATAL] Updater:351 - Updater called before beeing initialized
2026-01-12 18:15:06,534 [INFO] DbMcusAds:53 - JSON generation date=Thu Jan 08 09:56:32 CST 2026 (1767887792457)
2026-01-12 18:15:06,534 [FATAL] Updater:351 - Updater called before beeing initialized
2026-01-12 18:15:06,581 [WARN] DetailPanel:346 - Failed to get advertising image, set to default
2026-01-12 18:15:06,650 [FATAL] Updater:351 - Updater called before beeing initialized
2026-01-12 18:15:06,652 [FATAL] Updater:351 - Updater called before beeing initialized
2026-01-12 18:15:06,653 [FATAL] Updater:351 - Updater called before beeing initialized
2026-01-12 18:15:06,653 [WARN] DetailPanel:346 - Failed to get advertising image, set to default
2026-01-12 18:15:06,655 [FATAL] Updater:351 - Updater called before beeing initialized
2026-01-12 18:15:06,705 [ERROR] Updater:1198 - MainUpdater not yet initialized. External WinMGr cannot be set.
2026-01-12 18:15:06,715 [INFO] Updater:1134 - Updater Version found : 6.15.0
2026-01-12 18:15:06,726 [INFO] ApplicationProperties:184 - Using Application install path: /Applications/STM32CubeIDE.app/Contents/Eclipse/plugins/com.st.stm32cube.common.mx_6.15.0.202507011659
2026-01-12 18:15:06,993 [INFO] MainUpdater:2872 - connection check result : 10
2026-01-12 18:15:06,993 [INFO] MainUpdater:289 - Updater Check For Update Now.
2026-01-12 18:15:06,994 [INFO] MicroXplorer:498 - Change Database Version : DB.6.0.150
2026-01-12 18:15:07,003 [INFO] McuFinderGlobals:63 - Set McuFinder mode to 2 (CubeIDE integrated)
2026-01-12 18:15:07,004 [INFO] UserAuth:487 - Internet connection configuration mode: 1
2026-01-12 18:15:07,022 [INFO] JxBrowserEngine:152 - Initiate JxBrowser Engine with user profile folder
2026-01-12 18:15:07,423 [INFO] CheckServerUpdateThread:120 - End of CheckServer Thread
2026-01-12 18:15:08,627 [WARN] PackLoader:240 - Cannot read IP mode file for STMicroelectronics.FP-SNS-MOTENVWB1.1.4.0
2026-01-12 18:15:08,647 [WARN] PackLoader:240 - Cannot read IP mode file for STMicroelectronics.FP-ATR-ASTRA1.2.0.2
2026-01-12 18:15:08,664 [WARN] PackLoader:240 - Cannot read IP mode file for STMicroelectronics.X-CUBE-SMBUS.2.1.0
2026-01-12 18:15:08,707 [WARN] PackLoader:240 - Cannot read IP mode file for STMicroelectronics.X-CUBE-AZRTOS-F7.1.1.0
2026-01-12 18:15:08,739 [WARN] PackLoader:240 - Cannot read IP mode file for Cesanta.I-CUBE-Mongoose.7.19.0
2026-01-12 18:15:08,748 [WARN] PackLoader:240 - Cannot read IP mode file for STMicroelectronics.FP-SNS-MOTENV1.5.1.0
2026-01-12 18:15:08,767 [WARN] PackLoader:240 - Cannot read IP mode file for WES.I-CUBE-Cesium.1.4.0
2026-01-12 18:15:08,824 [WARN] PackLoader:240 - Cannot read IP mode file for Infineon.AIROC-Wi-Fi-Bluetooth-STM32.1.7.1
2026-01-12 18:15:08,905 [WARN] PackLoader:240 - Cannot read IP mode file for STMicroelectronics.X-CUBE-AZRTOS-H7.3.4.0
2026-01-12 18:15:08,936 [WARN] PackLoader:240 - Cannot read IP mode file for STMicroelectronics.X-CUBE-DISPLAY.3.0.0
2026-01-12 18:15:08,972 [WARN] PackLoader:240 - Cannot read IP mode file for STMicroelectronics.X-CUBE-NFC10.1.0.0
2026-01-12 18:15:08,981 [WARN] PackLoader:240 - Cannot read IP mode file for STMicroelectronics.X-CUBE-ST60.1.1.0
2026-01-12 18:15:08,989 [WARN] PackLoader:240 - Cannot read IP mode file for emotas.I-CUBE-CANOPEN.1.3.0
2026-01-12 18:15:09,000 [WARN] PackLoader:240 - Cannot read IP mode file for STMicroelectronics.X-CUBE-GNSS1.7.1.0
2026-01-12 18:15:09,015 [WARN] PackLoader:240 - Cannot read IP mode file for STMicroelectronics.FP-SNS-STBOX1.2.1.0
2026-01-12 18:15:09,024 [WARN] PackLoader:240 - Cannot read IP mode file for STMicroelectronics.FP-SNS-SMARTAG2.1.2.0
2026-01-12 18:15:09,028 [WARN] PackLoader:240 - Cannot read IP mode file for STMicroelectronics.FP-SNS-FLIGHT1.5.1.0
2026-01-12 18:15:09,070 [INFO] LogOutputStream:77 - [STDOUT_REDIRECT] 1 : Invalid condition id : UX_CORESTACK_Condition cause : null
2026-01-12 18:15:09,072 [INFO] LogOutputStream:77 - [STDOUT_REDIRECT] 1 : Invalid condition id : UX_CORESTACK_Condition cause : null
2026-01-12 18:15:09,072 [INFO] LogOutputStream:77 - [STDOUT_REDIRECT] 1 : Invalid condition id : UX_CORESTACK_Condition cause : null
2026-01-12 18:15:09,072 [INFO] LogOutputStream:77 - [STDOUT_REDIRECT] 1 : Invalid condition id : UX_CORESTACK_Condition cause : null
2026-01-12 18:15:09,072 [INFO] LogOutputStream:77 - [STDOUT_REDIRECT] 1 : Invalid condition id : UX_CORESTACK_Condition cause : null
2026-01-12 18:15:09,081 [WARN] PackLoader:240 - Cannot read IP mode file for STMicroelectronics.X-CUBE-AZRTOS-WL.2.0.0
2026-01-12 18:15:09,109 [WARN] PackLoader:240 - Cannot read IP mode file for STMicroelectronics.FP-SNS-MOTENV1.5.0.0
2026-01-12 18:15:09,152 [WARN] PackLoader:240 - Cannot read IP mode file for STMicroelectronics.X-CUBE-AZRTOS-H7RS.1.2.0
2026-01-12 18:15:09,169 [WARN] PackLoader:240 - Cannot read IP mode file for STMicroelectronics.X-CUBE-BLE2.3.3.0
2026-01-12 18:15:09,214 [WARN] PackLoader:240 - Cannot read IP mode file for STMicroelectronics.X-CUBE-NFC9.1.0.0
2026-01-12 18:15:09,237 [WARN] PackLoader:240 - Cannot read IP mode file for wolfSSL.I-CUBE-wolfSSL.5.8.2
2026-01-12 18:15:09,248 [WARN] PackLoader:240 - Cannot read IP mode file for STMicroelectronics.X-CUBE-BLE1.7.1.0
2026-01-12 18:15:09,252 [WARN] PackLoader:240 - Cannot read IP mode file for wolfSSL.I-CUBE-wolfMQTT.1.19.2
2026-01-12 18:15:09,261 [WARN] PackLoader:240 - Cannot read IP mode file for STMicroelectronics.X-CUBE-FREERTOS.1.4.0
2026-01-12 18:15:09,272 [WARN] PackLoader:240 - Cannot read IP mode file for STMicroelectronics.X-CUBE-EEPRMA1.5.2.0
2026-01-12 18:15:09,283 [WARN] PackLoader:240 - Cannot read IP mode file for STMicroelectronics.X-CUBE-ST67W61.1.1.0
2026-01-12 18:15:09,346 [WARN] PackLoader:240 - Cannot read IP mode file for STMicroelectronics.X-CUBE-MEMS1.12.0.0
2026-01-12 18:15:09,739 [WARN] PackLoader:240 - Cannot read IP mode file for STMicroelectronics.X-CUBE-AZRTOS-G0.1.1.0
2026-01-12 18:15:09,795 [WARN] PackLoader:240 - Cannot read IP mode file for STMicroelectronics.X-CUBE-SAFEA1.1.2.2
2026-01-12 18:15:09,804 [WARN] PackLoader:240 - Cannot read IP mode file for STMicroelectronics.X-CUBE-NFC4.3.0.0
2026-01-12 18:15:09,816 [WARN] PackLoader:240 - Cannot read IP mode file for EmbeddedOffice.I-CUBE-FS-RTOS.1.0.1
2026-01-12 18:15:09,833 [WARN] PackLoader:240 - Cannot read IP mode file for STMicroelectronics.X-CUBE-WB05N.2.0.0
2026-01-12 18:15:09,875 [WARN] PackLoader:240 - Cannot read IP mode file for wolfSSL.I-CUBE-wolfTPM.3.8.0
2026-01-12 18:15:09,886 [WARN] PackLoader:240 - Cannot read IP mode file for STMicroelectronics.X-CUBE-TCPP.4.2.0
2026-01-12 18:15:09,900 [WARN] PackLoader:240 - Cannot read IP mode file for RealThread.X-CUBE-RT-Thread_Nano.4.1.1
2026-01-12 18:15:09,905 [WARN] PackLoader:240 - Cannot read IP mode file for STMicroelectronics.FP-ATR-SIGFOX1.3.2.0
2026-01-12 18:15:09,914 [WARN] PackLoader:240 - Cannot read IP mode file for ITTIA_DB.I-CUBE-ITTIADB.8.9.0
2026-01-12 18:15:09,920 [WARN] PackLoader:240 - Cannot read IP mode file for STMicroelectronics.X-CUBE-AI.10.2.0
2026-01-12 18:15:09,975 [WARN] PackLoader:240 - Cannot read IP mode file for SEGGER.I-CUBE-embOS.1.3.1
2026-01-12 18:15:10,004 [WARN] PackLoader:240 - Cannot read IP mode file for STMicroelectronics.X-CUBE-ALGOBUILD.1.4.0
2026-01-12 18:15:10,080 [WARN] PackLoader:240 - Cannot read IP mode file for STMicroelectronics.X-CUBE-MEMS1.11.3.0
2026-01-12 18:15:10,195 [WARN] PackLoader:240 - Cannot read IP mode file for STMicroelectronics.X-CUBE-PM33A1.1.0.0
2026-01-12 18:15:10,233 [WARN] PackLoader:240 - Cannot read IP mode file for STMicroelectronics.X-CUBE-AZRTOS-F4.1.1.0
2026-01-12 18:15:10,242 [WARN] PackLoader:240 - Cannot read IP mode file for STMicroelectronics.X-CUBE-ISPU.2.1.0
2026-01-12 18:15:10,253 [WARN] PackLoader:240 - Cannot read IP mode file for STMicroelectronics.X-CUBE-IPS.3.2.0
2026-01-12 18:15:10,269 [WARN] PackLoader:240 - Cannot read IP mode file for STMicroelectronics.X-CUBE-NFC12.1.0.0
2026-01-12 18:15:10,289 [WARN] PackLoader:240 - Cannot read IP mode file for STMicroelectronics.X-CUBE-AZRTOS-L5.2.0.0
2026-01-12 18:15:10,299 [WARN] PackLoader:240 - Cannot read IP mode file for STMicroelectronics.X-CUBE-NFC6.3.1.0
2026-01-12 18:15:10,307 [WARN] PackLoader:240 - Cannot read IP mode file for STMicroelectronics.X-CUBE-FREERTOS.1.3.1
2026-01-12 18:15:10,315 [WARN] PackLoader:240 - Cannot read IP mode file for STMicroelectronics.X-CUBE-TOUCHGFX.4.26.0
2026-01-12 18:15:10,322 [WARN] PackLoader:240 - Cannot read IP mode file for STMicroelectronics.FP-SNS-STAIOTCFT.1.0.0
2026-01-12 18:15:10,335 [WARN] PackLoader:240 - Cannot read IP mode file for STMicroelectronics.X-CUBE-DPower.1.3.0
2026-01-12 18:15:10,357 [WARN] ConditionMgr:438 - getConditionDescription Invalid condition id : LAN8742 Phy interface Condition cause : null
2026-01-12 18:15:10,359 [WARN] PackLoader:240 - Cannot read IP mode file for STMicroelectronics.X-CUBE-AZRTOS-L4.2.0.0
2026-01-12 18:15:10,361 [WARN] ConditionMgr:1044 - genDependencies : Invalid condition id : LAN8742 Phy interface Condition cause : null
2026-01-12 18:15:10,362 [WARN] ConditionMgr:1044 - genDependencies : Invalid condition id : LAN8742 Phy interface Condition cause : null
2026-01-12 18:15:10,363 [WARN] ConditionMgr:1044 - genDependencies : Invalid condition id : LAN8742 Phy interface Condition cause : null
2026-01-12 18:15:10,374 [WARN] PackLoader:240 - Cannot read IP mode file for STMicroelectronics.X-CUBE-SFXS2LP1.4.0.0
2026-01-12 18:15:10,392 [WARN] PackLoader:240 - Cannot read IP mode file for STMicroelectronics.X-CUBE-BLEMGR.4.1.0
2026-01-12 18:15:10,409 [WARN] ConditionMgr:438 - getConditionDescription Invalid condition id : UX DEVICE CLASS RTOS Condition cause : null
2026-01-12 18:15:10,409 [WARN] ConditionMgr:438 - getConditionDescription Invalid condition id : UX DEVICE CLASS RTOS Condition cause : null
2026-01-12 18:15:10,413 [WARN] PackLoader:240 - Cannot read IP mode file for STMicroelectronics.X-CUBE-AZRTOS-WB.2.0.0
2026-01-12 18:15:10,414 [WARN] ConditionMgr:1044 - genDependencies : Invalid condition id : UX DEVICE CLASS RTOS Condition cause : null
2026-01-12 18:15:10,414 [WARN] ConditionMgr:1044 - genDependencies : Invalid condition id : UX DEVICE CLASS RTOS Condition cause : null
2026-01-12 18:15:10,414 [WARN] ConditionMgr:1044 - genDependencies : Invalid condition id : UX DEVICE CLASS RTOS Condition cause : null
2026-01-12 18:15:10,415 [WARN] ConditionMgr:1044 - genDependencies : Invalid condition id : UX DEVICE CLASS RTOS Condition cause : null
2026-01-12 18:15:10,415 [WARN] ConditionMgr:1044 - genDependencies : Invalid condition id : UX DEVICE CLASS RTOS Condition cause : null
2026-01-12 18:15:10,420 [WARN] PackLoader:240 - Cannot read IP mode file for STMicroelectronics.X-CUBE-GNSS1.7.0.1
2026-01-12 18:15:10,427 [WARN] ConditionMgr:438 - getConditionDescription Invalid condition id : Cortex-A Device cause : null
2026-01-12 18:15:10,459 [WARN] ConditionMgr:1044 - genDependencies : Invalid condition id : Cortex-A Device cause : null
2026-01-12 18:15:10,460 [WARN] ConditionMgr:1044 - genDependencies : Invalid condition id : Cortex-A Device cause : null
2026-01-12 18:15:10,460 [WARN] ConditionMgr:1044 - genDependencies : Invalid condition id : Cortex-A Device cause : null
2026-01-12 18:15:10,473 [WARN] PackLoader:240 - Cannot read IP mode file for STMicroelectronics.X-CUBE-SUBG2.5.0.0
2026-01-12 18:15:10,622 [WARN] PackLoader:240 - Cannot read IP mode file for STMicroelectronics.X-CUBE-AZRTOS-H7RS.1.1.0
2026-01-12 18:15:10,871 [WARN] PackLoader:240 - Cannot read IP mode file for STMicroelectronics.X-CUBE-AZRTOS-G4.2.0.0
2026-01-12 18:15:10,952 [WARN] PackLoader:240 - Cannot read IP mode file for wolfSSL.I-CUBE-wolfSSH.1.4.20
2026-01-12 18:15:10,990 [WARN] PackLoader:240 - Cannot read IP mode file for STMicroelectronics.X-CUBE-NFC7.2.0.0
2026-01-12 18:15:11,017 [WARN] PackLoader:240 - Cannot read IP mode file for STMicroelectronics.X-CUBE-ALS.1.0.2
2026-01-12 18:15:11,042 [WARN] PackLoader:240 - Cannot read IP mode file for STMicroelectronics.X-CUBE-STSE01.1.0.0
2026-01-12 18:15:11,065 [WARN] PackLoader:240 - Cannot read IP mode file for STMicroelectronics.X-CUBE-TOF1.3.4.3
2026-01-12 18:15:11,095 [INFO] ThirdParty:978 - Integrity check success = true
2026-01-12 18:15:11,095 [INFO] IntegrityCheckThread:100 - exiting critical section [integrity check]
2026-01-12 18:15:11,095 [INFO] IntegrityCheckThread:103 - End integrity checks thread
2026-01-12 18:15:11,232 [INFO] WebApp:169 - Instantiating new browser for Auth
2026-01-12 18:15:12,464 [INFO] WebApp:463 - Apply proxy settings
2026-01-12 18:15:12,479 [INFO] WebApp:508 - Chromium authenticates against Manually configured proxy
2026-01-12 18:15:12,490 [INFO] WebApp:516 - Username used for proxy authentication: 
2026-01-12 18:15:12,529 [INFO] WebApp:900 - Register for checkConnection events
2026-01-12 18:15:12,529 [INFO] WebApp:463 - Apply proxy settings
2026-01-12 18:15:12,533 [INFO] WebApp:508 - Chromium authenticates against Manually configured proxy
2026-01-12 18:15:12,534 [INFO] WebApp:516 - Username used for proxy authentication: 
2026-01-12 18:15:12,682 [INFO] WebApp:225 - Starting web application
2026-01-12 18:15:12,682 [INFO] WebApp:593 - Web application path used /Applications/STM32CubeIDE.app/Contents/Eclipse/plugins/com.st.stm32cube.common.mx_6.15.0.202507011659/db/plugins/mcufinder/reactClient1/index.html
2026-01-12 18:15:13,099 [INFO] WebApp:191 - Connection restablished
2026-01-12 18:15:13,309 [INFO] UserAuth:487 - Internet connection configuration mode: 1
2026-01-12 18:17:15,822 [INFO] Activator:176 - 


2026-01-12 18:17:15,824 [INFO] Activator:177 - !SESSION log4j initialized
2026-01-12 18:17:17,248 [INFO] LogOutputStream:77 - [STDOUT_REDIRECT] 
2026-01-12 18:17:18,382 [ERROR] LogOutputStream:75 - [STDERR_REDIRECT] 
2026-01-12 18:17:20,080 [INFO] LogOutputStream:77 - [STDOUT_REDIRECT] 
2026-01-12 18:17:21,862 [INFO] ApplicationProperties:184 - Using Application install path: /Applications/STM32CubeIDE.app/Contents/Eclipse/plugins/com.st.stm32cube.common.mx_6.15.0.202507011659
2026-01-12 18:17:21,872 [INFO] DbMcusXml:78 - Set database path to: /Applications/STM32CubeIDE.app/Contents/Eclipse/plugins/com.st.stm32cube.common.mx_6.15.0.202507011659//db//mcu/
2026-01-12 18:17:21,872 [INFO] ApiDb:274 - Set plugin database path to: /Applications/STM32CubeIDE.app/Contents/Eclipse/plugins/com.st.stm32cube.common.mx_6.15.0.202507011659//db//plugins/boardmanager/
2026-01-12 18:17:21,873 [WARN] ApiDb:259 - Overriding images path with different value:  => /Applications/STM32CubeIDE.app/Contents/Eclipse/plugins/com.st.stm32cube.common.mx_6.15.0.202507011659//db//plugins/mcufinder/images/
2026-01-12 18:17:21,877 [INFO] ApiDb:250 - Set database path to: /Users/sm/.stmcufinder/plugins/mcufinder//mcu/
2026-01-12 18:17:21,878 [INFO] DbMcusAds:125 - Set database path to: /Users/sm/.stmcufinder/plugins/mcufinder//mcu/
2026-01-12 18:17:21,879 [INFO] CrossReferenceDbSqlite:203 - Set database path to: /Users/sm/.stmcufinder/plugins/mcufinder//mcu/cs/
2026-01-12 18:17:21,998 [INFO] RulesReader:64 - Compatibility file has been processed (317 Rules)
2026-01-12 18:17:22,044 [INFO] DbMcusXml:78 - Set database path to: /Applications/STM32CubeIDE.app/Contents/Eclipse/plugins/com.st.stm32cube.common.mx_6.15.0.202507011659//db//mcu/
2026-01-12 18:17:22,044 [INFO] ApiDb:274 - Set plugin database path to: /Applications/STM32CubeIDE.app/Contents/Eclipse/plugins/com.st.stm32cube.common.mx_6.15.0.202507011659//db//plugins/boardmanager/
2026-01-12 18:17:22,044 [INFO] ApiDb:261 - Set plugin images path to: /Applications/STM32CubeIDE.app/Contents/Eclipse/plugins/com.st.stm32cube.common.mx_6.15.0.202507011659//db//plugins/mcufinder/images/
2026-01-12 18:17:22,044 [WARN] DbFile:41 - Overriding database path with different value: /Users/sm/.stmcufinder/plugins/mcufinder/ => /Users/sm/.stmcufinder/plugins/mcufinder
2026-01-12 18:17:22,044 [INFO] ApiDb:250 - Set database path to: /Users/sm/.stmcufinder/plugins/mcufinder//mcu/
2026-01-12 18:17:22,044 [WARN] DbFile:41 - Overriding database path with different value: /Users/sm/.stmcufinder/plugins/mcufinder/ => /Users/sm/.stmcufinder/plugins/mcufinder
2026-01-12 18:17:22,044 [INFO] DbMcusAds:125 - Set database path to: /Users/sm/.stmcufinder/plugins/mcufinder//mcu/
2026-01-12 18:17:22,045 [WARN] DbFile:41 - Overriding database path with different value: /Users/sm/.stmcufinder/plugins/mcufinder/ => /Users/sm/.stmcufinder/plugins/mcufinder
2026-01-12 18:17:22,045 [WARN] DbFile:41 - Overriding database path with different value: /Users/sm/.stmcufinder/plugins/mcufinder/ => /Users/sm/.stmcufinder/plugins/mcufinder
2026-01-12 18:17:22,045 [INFO] CrossReferenceDbSqlite:203 - Set database path to: /Users/sm/.stmcufinder/plugins/mcufinder//mcu/cs/
2026-01-12 18:17:22,103 [INFO] MainPanel:274 - HeapMemory: 268435456
2026-01-12 18:17:22,304 [INFO] DbMcusXml:78 - Set database path to: /Applications/STM32CubeIDE.app/Contents/Eclipse/plugins/com.st.stm32cube.common.mx_6.15.0.202507011659//db//mcu/
2026-01-12 18:17:22,305 [INFO] ApiDb:274 - Set plugin database path to: /Applications/STM32CubeIDE.app/Contents/Eclipse/plugins/com.st.stm32cube.common.mx_6.15.0.202507011659//db//plugins/boardmanager/
2026-01-12 18:17:22,305 [INFO] ApiDb:261 - Set plugin images path to: /Applications/STM32CubeIDE.app/Contents/Eclipse/plugins/com.st.stm32cube.common.mx_6.15.0.202507011659//db//plugins/mcufinder/images/
2026-01-12 18:17:22,305 [WARN] DbFile:41 - Overriding database path with different value: /Users/sm/.stmcufinder/plugins/mcufinder/ => /Users/sm/.stmcufinder/plugins/mcufinder
2026-01-12 18:17:22,305 [INFO] ApiDb:250 - Set database path to: /Users/sm/.stmcufinder/plugins/mcufinder//mcu/
2026-01-12 18:17:22,305 [WARN] DbFile:41 - Overriding database path with different value: /Users/sm/.stmcufinder/plugins/mcufinder/ => /Users/sm/.stmcufinder/plugins/mcufinder
2026-01-12 18:17:22,305 [INFO] DbMcusAds:125 - Set database path to: /Users/sm/.stmcufinder/plugins/mcufinder//mcu/
2026-01-12 18:17:22,305 [WARN] DbFile:41 - Overriding database path with different value: /Users/sm/.stmcufinder/plugins/mcufinder/ => /Users/sm/.stmcufinder/plugins/mcufinder
2026-01-12 18:17:22,305 [WARN] DbFile:41 - Overriding database path with different value: /Users/sm/.stmcufinder/plugins/mcufinder/ => /Users/sm/.stmcufinder/plugins/mcufinder
2026-01-12 18:17:22,305 [INFO] CrossReferenceDbSqlite:203 - Set database path to: /Users/sm/.stmcufinder/plugins/mcufinder//mcu/cs/
2026-01-12 18:17:22,319 [INFO] ApplicationProperties:184 - Using Application install path: /Applications/STM32CubeIDE.app/Contents/Eclipse/plugins/com.st.stm32cube.common.mx_6.15.0.202507011659
2026-01-12 18:17:22,320 [INFO] PluginManage:196 - Search for loadable plugins [exclusion list=, ]
2026-01-12 18:17:22,321 [INFO] PluginManage:310 - Check plugin analytics
2026-01-12 18:17:22,506 [INFO] AnalyticsPlugin:253 - Accepted Software Licenses: 
2026-01-12 18:17:22,506 [INFO] AnalyticsPlugin:255 - Accepted CMSIS Pack Licenses: 
2026-01-12 18:17:22,506 [INFO] AnalyticsPlugin:257 - Accepted Firmware Licenses: FW.H7.1.12.0
2026-01-12 18:17:22,516 [INFO] PluginManage:359 - Loaded plugin analytics (category:tool,tabindex:-1)
2026-01-12 18:17:22,517 [INFO] PluginManage:310 - Check plugin cadmodel
2026-01-12 18:17:22,528 [INFO] CADModel:105 - Init CAD model plugin
2026-01-12 18:17:22,529 [INFO] PluginManage:359 - Loaded plugin cadmodel (category:power,tabindex:5)
2026-01-12 18:17:22,529 [INFO] PluginManage:310 - Check plugin clock
2026-01-12 18:17:22,538 [INFO] PluginManage:359 - Loaded plugin clock (category:base,tabindex:2)
2026-01-12 18:17:22,538 [INFO] PluginManage:310 - Check plugin ddr
2026-01-12 18:17:22,540 [INFO] PluginManage:359 - Loaded plugin ddr (category:tool,tabindex:6)
2026-01-12 18:17:22,540 [INFO] PluginManage:310 - Check plugin filemanager
2026-01-12 18:17:22,672 [INFO] PluginManage:359 - Loaded plugin filemanager (category:base,tabindex:10)
2026-01-12 18:17:22,672 [INFO] PluginManage:310 - Check plugin ipmanager
2026-01-12 18:17:22,678 [INFO] PluginManage:359 - Loaded plugin ipmanager (category:base,tabindex:5)
2026-01-12 18:17:22,678 [INFO] PluginManage:310 - Check plugin lpbam
2026-01-12 18:17:22,683 [INFO] PluginManage:359 - Loaded plugin lpbam (category:base,tabindex:0)
2026-01-12 18:17:22,683 [INFO] PluginManage:310 - Check plugin memorymap
2026-01-12 18:17:22,692 [INFO] PluginManage:359 - Loaded plugin memorymap (category:base,tabindex:4)
2026-01-12 18:17:22,692 [INFO] PluginManage:310 - Check plugin pinoutandconfiguration
2026-01-12 18:17:22,698 [INFO] PluginManage:359 - Loaded plugin pinoutandconfiguration (category:base,tabindex:1)
2026-01-12 18:17:22,698 [INFO] PluginManage:310 - Check plugin pinoutconfig
2026-01-12 18:17:22,780 [WARN] SupportedApi:132 - Cannot load RTOS API schema: s4s-elt-must-match.1: The content of 'definitions' must match (annotation?, (simpleType | complexType)?, (unique | key | keyref)*)). A problem was found starting at: attribute.
2026-01-12 18:17:23,528 [INFO] PluginManage:359 - Loaded plugin pinoutconfig (category:base,tabindex:0)
2026-01-12 18:17:23,533 [INFO] PluginManage:310 - Check plugin power
2026-01-12 18:17:23,580 [INFO] PluginManage:359 - Loaded plugin power (category:power,tabindex:4)
2026-01-12 18:17:23,582 [INFO] PluginManage:310 - Check plugin projectmanager
2026-01-12 18:17:23,646 [INFO] PluginManage:359 - Loaded plugin projectmanager (category:projectmanager,tabindex:4)
2026-01-12 18:17:23,647 [INFO] PluginManage:310 - Check plugin rif
2026-01-12 18:17:23,652 [INFO] PluginManage:359 - Loaded plugin rif (category:base,tabindex:3)
2026-01-12 18:17:23,653 [INFO] PluginManage:310 - Check plugin thirdparty
2026-01-12 18:17:23,815 [INFO] PluginManage:359 - Loaded plugin thirdparty (category:base,tabindex:-1)
2026-01-12 18:17:23,816 [INFO] PluginManage:310 - Check plugin tools
2026-01-12 18:17:23,823 [INFO] PluginManage:359 - Loaded plugin tools (category:base,tabindex:7)
2026-01-12 18:17:23,824 [INFO] PluginManage:310 - Check plugin tutovideos
2026-01-12 18:17:23,815 [WARN] IntegrityCheckThread:84 - waiting for thirdparty lock release [integrity check]
2026-01-12 18:17:23,824 [INFO] IntegrityCheckThread:86 - entering critical section [integrity check]
2026-01-12 18:17:23,825 [INFO] ThirdPartyUpdaterWithRetryManager:70 - Updater plugin not ready yet. [1/15]
2026-01-12 18:17:23,965 [INFO] PluginManage:359 - Loaded plugin tutovideos (category:base,tabindex:-1)
2026-01-12 18:17:23,965 [INFO] PluginManage:310 - Check plugin updater
2026-01-12 18:17:23,989 [INFO] PluginManage:359 - Loaded plugin updater (category:base,tabindex:12)
2026-01-12 18:17:23,989 [INFO] PluginManage:310 - Check plugin userauth
2026-01-12 18:17:23,995 [INFO] UserAuth:118 - Init User Auth plugin
2026-01-12 18:17:24,000 [INFO] PluginManage:359 - Loaded plugin userauth (category:base,tabindex:14)
2026-01-12 18:17:24,003 [INFO] PluginManage:283 - PluginManage : Loaded plugins [18]
2026-01-12 18:17:24,218 [INFO] PinOutPanel:1589 - setPackage(No Configuration,No Configuration)
2026-01-12 18:17:24,288 [INFO] CADModel:165 - CPN selected for project level
2026-01-12 18:17:24,288 [INFO] CADModel:114 - Register for checkConnection events
2026-01-12 18:17:24,296 [INFO] IPUIPlugin:80 - create IPUIPlugin
2026-01-12 18:17:24,296 [INFO] PluginManager:220 - loadIPPluginJar : add mdma
2026-01-12 18:17:24,300 [INFO] IPUIPlugin:80 - create IPUIPlugin
2026-01-12 18:17:24,300 [INFO] PluginManager:220 - loadIPPluginJar : add freertos
2026-01-12 18:17:24,303 [INFO] IPUIPlugin:80 - create IPUIPlugin
2026-01-12 18:17:24,303 [INFO] PluginManager:220 - loadIPPluginJar : add gic
2026-01-12 18:17:24,307 [INFO] IPUIPlugin:80 - create IPUIPlugin
2026-01-12 18:17:24,308 [INFO] PluginManager:220 - loadIPPluginJar : add adc
2026-01-12 18:17:24,309 [INFO] IPUIPlugin:80 - create IPUIPlugin
2026-01-12 18:17:24,309 [INFO] PluginManager:220 - loadIPPluginJar : add gtzc
2026-01-12 18:17:24,310 [INFO] IPUIPlugin:80 - create IPUIPlugin
2026-01-12 18:17:24,310 [INFO] PluginManager:220 - loadIPPluginJar : add quadspi
2026-01-12 18:17:24,311 [INFO] IPUIPlugin:80 - create IPUIPlugin
2026-01-12 18:17:24,311 [INFO] PluginManager:220 - loadIPPluginJar : add aes
2026-01-12 18:17:24,312 [INFO] IPUIPlugin:80 - create IPUIPlugin
2026-01-12 18:17:24,312 [INFO] PluginManager:220 - loadIPPluginJar : add pdm2pcm
2026-01-12 18:17:24,313 [INFO] IPUIPlugin:80 - create IPUIPlugin
2026-01-12 18:17:24,313 [INFO] PluginManager:220 - loadIPPluginJar : add hash
2026-01-12 18:17:24,313 [INFO] IPUIPlugin:80 - create IPUIPlugin
2026-01-12 18:17:24,313 [INFO] PluginManager:220 - loadIPPluginJar : add tim
2026-01-12 18:17:24,314 [INFO] IPUIPlugin:80 - create IPUIPlugin
2026-01-12 18:17:24,314 [INFO] PluginManager:220 - loadIPPluginJar : add tsc
2026-01-12 18:17:24,315 [INFO] IPUIPlugin:80 - create IPUIPlugin
2026-01-12 18:17:24,316 [INFO] PluginManager:220 - loadIPPluginJar : add extmemmanager
2026-01-12 18:17:24,317 [INFO] IPUIPlugin:80 - create IPUIPlugin
2026-01-12 18:17:24,317 [INFO] PluginManager:220 - loadIPPluginJar : add ts
2026-01-12 18:17:24,317 [INFO] IPUIPlugin:80 - create IPUIPlugin
2026-01-12 18:17:24,318 [INFO] PluginManager:220 - loadIPPluginJar : add radio
2026-01-12 18:17:24,318 [INFO] IPUIPlugin:80 - create IPUIPlugin
2026-01-12 18:17:24,319 [INFO] PluginManager:220 - loadIPPluginJar : add can
2026-01-12 18:17:24,319 [INFO] IPUIPlugin:80 - create IPUIPlugin
2026-01-12 18:17:24,319 [INFO] PluginManager:220 - loadIPPluginJar : add dma3
2026-01-12 18:17:24,320 [INFO] IPUIPlugin:80 - create IPUIPlugin
2026-01-12 18:17:24,320 [INFO] PluginManager:220 - loadIPPluginJar : add dfsdm
2026-01-12 18:17:24,322 [INFO] IPUIPlugin:80 - create IPUIPlugin
2026-01-12 18:17:24,322 [INFO] PluginManager:220 - loadIPPluginJar : add spi
2026-01-12 18:17:24,323 [INFO] IPUIPlugin:80 - create IPUIPlugin
2026-01-12 18:17:24,323 [INFO] PluginManager:220 - loadIPPluginJar : add gfxmmu
2026-01-12 18:17:24,324 [INFO] IPUIPlugin:80 - create IPUIPlugin
2026-01-12 18:17:24,324 [INFO] PluginManager:220 - loadIPPluginJar : add genericplugin
2026-01-12 18:17:24,325 [INFO] IPUIPlugin:80 - create IPUIPlugin
2026-01-12 18:17:24,325 [INFO] PluginManager:220 - loadIPPluginJar : add cryp
2026-01-12 18:17:24,328 [INFO] IPUIPlugin:80 - create IPUIPlugin
2026-01-12 18:17:24,328 [INFO] PluginManager:220 - loadIPPluginJar : add gpio
2026-01-12 18:17:24,329 [INFO] IPUIPlugin:80 - create IPUIPlugin
2026-01-12 18:17:24,329 [INFO] PluginManager:220 - loadIPPluginJar : add ddr_ctrl_phy
2026-01-12 18:17:24,330 [INFO] IPUIPlugin:80 - create IPUIPlugin
2026-01-12 18:17:24,330 [INFO] PluginManager:220 - loadIPPluginJar : add comp
2026-01-12 18:17:24,332 [INFO] IPUIPlugin:80 - create IPUIPlugin
2026-01-12 18:17:24,333 [INFO] PluginManager:220 - loadIPPluginJar : add tracer_emb
2026-01-12 18:17:24,334 [INFO] IPUIPlugin:80 - create IPUIPlugin
2026-01-12 18:17:24,334 [INFO] PluginManager:220 - loadIPPluginJar : add openamp
2026-01-12 18:17:24,336 [INFO] IPUIPlugin:80 - create IPUIPlugin
2026-01-12 18:17:24,336 [INFO] PluginManager:220 - loadIPPluginJar : add stm32_wpan
2026-01-12 18:17:24,338 [INFO] IPUIPlugin:80 - create IPUIPlugin
2026-01-12 18:17:24,340 [INFO] PluginManager:220 - loadIPPluginJar : add plateformsettings
2026-01-12 18:17:24,342 [INFO] IPUIPlugin:80 - create IPUIPlugin
2026-01-12 18:17:24,342 [INFO] PluginManager:220 - loadIPPluginJar : add ipddr
2026-01-12 18:17:24,343 [INFO] IPUIPlugin:80 - create IPUIPlugin
2026-01-12 18:17:24,343 [INFO] PluginManager:220 - loadIPPluginJar : add usart
2026-01-12 18:17:24,344 [INFO] IPUIPlugin:80 - create IPUIPlugin
2026-01-12 18:17:24,344 [INFO] PluginManager:220 - loadIPPluginJar : add ltdc
2026-01-12 18:17:24,345 [INFO] IPUIPlugin:80 - create IPUIPlugin
2026-01-12 18:17:24,345 [INFO] PluginManager:220 - loadIPPluginJar : add nvic
2026-01-12 18:17:24,346 [INFO] IPUIPlugin:80 - create IPUIPlugin
2026-01-12 18:17:24,346 [INFO] PluginManager:220 - loadIPPluginJar : add fatfs
2026-01-12 18:17:24,349 [INFO] IPUIPlugin:80 - create IPUIPlugin
2026-01-12 18:17:24,349 [INFO] PluginManager:220 - loadIPPluginJar : add linkedlist
2026-01-12 18:17:24,352 [INFO] IPUIPlugin:80 - create IPUIPlugin
2026-01-12 18:17:24,352 [INFO] PluginManager:220 - loadIPPluginJar : add dma
2026-01-12 18:17:24,353 [INFO] IPUIPlugin:80 - create IPUIPlugin
2026-01-12 18:17:24,354 [INFO] PluginManager:220 - loadIPPluginJar : add fmc
2026-01-12 18:17:24,355 [INFO] IPUIPlugin:80 - create IPUIPlugin
2026-01-12 18:17:24,355 [INFO] PluginManager:220 - loadIPPluginJar : add i2s
2026-01-12 18:17:24,355 [INFO] IPUIPlugin:80 - create IPUIPlugin
2026-01-12 18:17:24,355 [INFO] PluginManager:220 - loadIPPluginJar : add ucpd
2026-01-12 18:17:24,356 [INFO] IPUIPlugin:80 - create IPUIPlugin
2026-01-12 18:17:24,356 [INFO] PluginManager:220 - loadIPPluginJar : add lorawan
2026-01-12 18:17:24,357 [INFO] IPUIPlugin:80 - create IPUIPlugin
2026-01-12 18:17:24,357 [INFO] PluginManager:220 - loadIPPluginJar : add opamp
2026-01-12 18:17:24,359 [INFO] IPUIPlugin:80 - create IPUIPlugin
2026-01-12 18:17:24,359 [INFO] PluginManager:220 - loadIPPluginJar : add i3c
2026-01-12 18:17:24,361 [INFO] IPUIPlugin:80 - create IPUIPlugin
2026-01-12 18:17:24,361 [INFO] PluginManager:220 - loadIPPluginJar : add touchsensing
2026-01-12 18:17:24,364 [INFO] IPUIPlugin:80 - create IPUIPlugin
2026-01-12 18:17:24,364 [INFO] PluginManager:220 - loadIPPluginJar : add i2c
2026-01-12 18:17:24,365 [INFO] IPUIPlugin:80 - create IPUIPlugin
2026-01-12 18:17:24,365 [INFO] PluginManager:220 - loadIPPluginJar : add resmgrutility
2026-01-12 18:17:24,366 [INFO] IPUIPlugin:80 - create IPUIPlugin
2026-01-12 18:17:24,366 [INFO] PluginManager:220 - loadIPPluginJar : add sai
2026-01-12 18:17:24,367 [INFO] IPUIPlugin:80 - create IPUIPlugin
2026-01-12 18:17:24,367 [INFO] PluginManager:220 - loadIPPluginJar : add usbx
2026-01-12 18:17:24,474 [FATAL] Updater:351 - Updater called before beeing initialized
2026-01-12 18:17:24,530 [INFO] RulesReader:64 - Compatibility file has been processed (317 Rules)
2026-01-12 18:17:24,546 [INFO] RulesReader:64 - Compatibility file has been processed (317 Rules)
2026-01-12 18:17:24,553 [INFO] CADModel:165 - CPN selected for project level
2026-01-12 18:17:24,553 [INFO] CADModel:114 - Register for checkConnection events
2026-01-12 18:17:24,553 [FATAL] Updater:351 - Updater called before beeing initialized
2026-01-12 18:17:24,553 [ERROR] CADModel:125 - Updater not yet initialized, retry later 
2026-01-12 18:17:25,212 [FATAL] Updater:351 - Updater called before beeing initialized
2026-01-12 18:17:25,214 [INFO] CADModel:165 - CPN selected for project level
2026-01-12 18:17:25,214 [INFO] CADModel:114 - Register for checkConnection events
2026-01-12 18:17:25,214 [FATAL] Updater:351 - Updater called before beeing initialized
2026-01-12 18:17:25,214 [ERROR] CADModel:125 - Updater not yet initialized, retry later 
2026-01-12 18:17:25,216 [FATAL] Updater:351 - Updater called before beeing initialized
2026-01-12 18:17:25,379 [FATAL] Updater:351 - Updater called before beeing initialized
2026-01-12 18:17:25,383 [INFO] DbMcusAds:53 - JSON generation date=Thu Jan 08 09:56:32 CST 2026 (1767887792457)
2026-01-12 18:17:25,383 [FATAL] Updater:351 - Updater called before beeing initialized
2026-01-12 18:17:25,427 [WARN] DetailPanel:346 - Failed to get advertising image, set to default
2026-01-12 18:17:25,491 [FATAL] Updater:351 - Updater called before beeing initialized
2026-01-12 18:17:25,494 [FATAL] Updater:351 - Updater called before beeing initialized
2026-01-12 18:17:25,495 [FATAL] Updater:351 - Updater called before beeing initialized
2026-01-12 18:17:25,495 [WARN] DetailPanel:346 - Failed to get advertising image, set to default
2026-01-12 18:17:25,497 [FATAL] Updater:351 - Updater called before beeing initialized
2026-01-12 18:17:25,549 [ERROR] Updater:1198 - MainUpdater not yet initialized. External WinMGr cannot be set.
2026-01-12 18:17:25,554 [INFO] Updater:1134 - Updater Version found : 6.15.0
2026-01-12 18:17:25,565 [INFO] ApplicationProperties:184 - Using Application install path: /Applications/STM32CubeIDE.app/Contents/Eclipse/plugins/com.st.stm32cube.common.mx_6.15.0.202507011659
2026-01-12 18:17:25,860 [INFO] MainUpdater:2872 - connection check result : 10
2026-01-12 18:17:25,860 [INFO] MainUpdater:289 - Updater Check For Update Now.
2026-01-12 18:17:25,860 [INFO] MicroXplorer:498 - Change Database Version : DB.6.0.150
2026-01-12 18:17:25,866 [INFO] McuFinderGlobals:63 - Set McuFinder mode to 2 (CubeIDE integrated)
2026-01-12 18:17:25,867 [INFO] UserAuth:487 - Internet connection configuration mode: 1
2026-01-12 18:17:25,879 [INFO] JxBrowserEngine:152 - Initiate JxBrowser Engine with user profile folder
2026-01-12 18:17:26,154 [INFO] CheckServerUpdateThread:120 - End of CheckServer Thread
2026-01-12 18:17:27,004 [WARN] PackLoader:240 - Cannot read IP mode file for STMicroelectronics.FP-SNS-MOTENVWB1.1.4.0
2026-01-12 18:17:27,020 [WARN] PackLoader:240 - Cannot read IP mode file for STMicroelectronics.FP-ATR-ASTRA1.2.0.2
2026-01-12 18:17:27,033 [WARN] PackLoader:240 - Cannot read IP mode file for STMicroelectronics.X-CUBE-SMBUS.2.1.0
2026-01-12 18:17:27,074 [WARN] PackLoader:240 - Cannot read IP mode file for STMicroelectronics.X-CUBE-AZRTOS-F7.1.1.0
2026-01-12 18:17:27,102 [WARN] PackLoader:240 - Cannot read IP mode file for Cesanta.I-CUBE-Mongoose.7.19.0
2026-01-12 18:17:27,111 [WARN] PackLoader:240 - Cannot read IP mode file for STMicroelectronics.FP-SNS-MOTENV1.5.1.0
2026-01-12 18:17:27,136 [WARN] PackLoader:240 - Cannot read IP mode file for WES.I-CUBE-Cesium.1.4.0
2026-01-12 18:17:27,177 [WARN] PackLoader:240 - Cannot read IP mode file for Infineon.AIROC-Wi-Fi-Bluetooth-STM32.1.7.1
2026-01-12 18:17:27,237 [WARN] PackLoader:240 - Cannot read IP mode file for STMicroelectronics.X-CUBE-AZRTOS-H7.3.4.0
2026-01-12 18:17:27,258 [WARN] PackLoader:240 - Cannot read IP mode file for STMicroelectronics.X-CUBE-DISPLAY.3.0.0
2026-01-12 18:17:27,282 [WARN] PackLoader:240 - Cannot read IP mode file for STMicroelectronics.X-CUBE-NFC10.1.0.0
2026-01-12 18:17:27,298 [WARN] PackLoader:240 - Cannot read IP mode file for STMicroelectronics.X-CUBE-ST60.1.1.0
2026-01-12 18:17:27,308 [WARN] PackLoader:240 - Cannot read IP mode file for emotas.I-CUBE-CANOPEN.1.3.0
2026-01-12 18:17:27,321 [WARN] PackLoader:240 - Cannot read IP mode file for STMicroelectronics.X-CUBE-GNSS1.7.1.0
2026-01-12 18:17:27,332 [WARN] PackLoader:240 - Cannot read IP mode file for STMicroelectronics.FP-SNS-STBOX1.2.1.0
2026-01-12 18:17:27,338 [WARN] PackLoader:240 - Cannot read IP mode file for STMicroelectronics.FP-SNS-SMARTAG2.1.2.0
2026-01-12 18:17:27,342 [WARN] PackLoader:240 - Cannot read IP mode file for STMicroelectronics.FP-SNS-FLIGHT1.5.1.0
2026-01-12 18:17:27,350 [INFO] LogOutputStream:77 - [STDOUT_REDIRECT] 1 : Invalid condition id : UX_CORESTACK_Condition cause : null
2026-01-12 18:17:27,351 [INFO] LogOutputStream:77 - [STDOUT_REDIRECT] 1 : Invalid condition id : UX_CORESTACK_Condition cause : null
2026-01-12 18:17:27,352 [INFO] LogOutputStream:77 - [STDOUT_REDIRECT] 1 : Invalid condition id : UX_CORESTACK_Condition cause : null
2026-01-12 18:17:27,352 [INFO] LogOutputStream:77 - [STDOUT_REDIRECT] 1 : Invalid condition id : UX_CORESTACK_Condition cause : null
2026-01-12 18:17:27,352 [INFO] LogOutputStream:77 - [STDOUT_REDIRECT] 1 : Invalid condition id : UX_CORESTACK_Condition cause : null
2026-01-12 18:17:27,364 [WARN] PackLoader:240 - Cannot read IP mode file for STMicroelectronics.X-CUBE-AZRTOS-WL.2.0.0
2026-01-12 18:17:27,378 [WARN] PackLoader:240 - Cannot read IP mode file for STMicroelectronics.FP-SNS-MOTENV1.5.0.0
2026-01-12 18:17:27,436 [WARN] PackLoader:240 - Cannot read IP mode file for STMicroelectronics.X-CUBE-AZRTOS-H7RS.1.2.0
2026-01-12 18:17:27,463 [WARN] PackLoader:240 - Cannot read IP mode file for STMicroelectronics.X-CUBE-BLE2.3.3.0
2026-01-12 18:17:27,484 [WARN] PackLoader:240 - Cannot read IP mode file for STMicroelectronics.X-CUBE-NFC9.1.0.0
2026-01-12 18:17:27,489 [WARN] PackLoader:240 - Cannot read IP mode file for wolfSSL.I-CUBE-wolfSSL.5.8.2
2026-01-12 18:17:27,499 [WARN] PackLoader:240 - Cannot read IP mode file for STMicroelectronics.X-CUBE-BLE1.7.1.0
2026-01-12 18:17:27,502 [WARN] PackLoader:240 - Cannot read IP mode file for wolfSSL.I-CUBE-wolfMQTT.1.19.2
2026-01-12 18:17:27,509 [WARN] PackLoader:240 - Cannot read IP mode file for STMicroelectronics.X-CUBE-FREERTOS.1.4.0
2026-01-12 18:17:27,516 [WARN] PackLoader:240 - Cannot read IP mode file for STMicroelectronics.X-CUBE-EEPRMA1.5.2.0
2026-01-12 18:17:27,524 [WARN] PackLoader:240 - Cannot read IP mode file for STMicroelectronics.X-CUBE-ST67W61.1.1.0
2026-01-12 18:17:27,600 [WARN] PackLoader:240 - Cannot read IP mode file for STMicroelectronics.X-CUBE-MEMS1.12.0.0
2026-01-12 18:17:27,985 [WARN] PackLoader:240 - Cannot read IP mode file for STMicroelectronics.X-CUBE-AZRTOS-G0.1.1.0
2026-01-12 18:17:28,040 [WARN] PackLoader:240 - Cannot read IP mode file for STMicroelectronics.X-CUBE-SAFEA1.1.2.2
2026-01-12 18:17:28,053 [WARN] PackLoader:240 - Cannot read IP mode file for STMicroelectronics.X-CUBE-NFC4.3.0.0
2026-01-12 18:17:28,068 [WARN] PackLoader:240 - Cannot read IP mode file for EmbeddedOffice.I-CUBE-FS-RTOS.1.0.1
2026-01-12 18:17:28,079 [WARN] PackLoader:240 - Cannot read IP mode file for STMicroelectronics.X-CUBE-WB05N.2.0.0
2026-01-12 18:17:28,118 [WARN] PackLoader:240 - Cannot read IP mode file for wolfSSL.I-CUBE-wolfTPM.3.8.0
2026-01-12 18:17:28,131 [WARN] PackLoader:240 - Cannot read IP mode file for STMicroelectronics.X-CUBE-TCPP.4.2.0
2026-01-12 18:17:28,138 [WARN] PackLoader:240 - Cannot read IP mode file for RealThread.X-CUBE-RT-Thread_Nano.4.1.1
2026-01-12 18:17:28,144 [WARN] PackLoader:240 - Cannot read IP mode file for STMicroelectronics.FP-ATR-SIGFOX1.3.2.0
2026-01-12 18:17:28,152 [WARN] PackLoader:240 - Cannot read IP mode file for ITTIA_DB.I-CUBE-ITTIADB.8.9.0
2026-01-12 18:17:28,156 [WARN] PackLoader:240 - Cannot read IP mode file for STMicroelectronics.X-CUBE-AI.10.2.0
2026-01-12 18:17:28,224 [WARN] PackLoader:240 - Cannot read IP mode file for SEGGER.I-CUBE-embOS.1.3.1
2026-01-12 18:17:28,262 [WARN] PackLoader:240 - Cannot read IP mode file for STMicroelectronics.X-CUBE-ALGOBUILD.1.4.0
2026-01-12 18:17:28,337 [WARN] PackLoader:240 - Cannot read IP mode file for STMicroelectronics.X-CUBE-MEMS1.11.3.0
2026-01-12 18:17:28,423 [WARN] PackLoader:240 - Cannot read IP mode file for STMicroelectronics.X-CUBE-PM33A1.1.0.0
2026-01-12 18:17:28,448 [WARN] PackLoader:240 - Cannot read IP mode file for STMicroelectronics.X-CUBE-AZRTOS-F4.1.1.0
2026-01-12 18:17:28,464 [WARN] PackLoader:240 - Cannot read IP mode file for STMicroelectronics.X-CUBE-ISPU.2.1.0
2026-01-12 18:17:28,474 [WARN] PackLoader:240 - Cannot read IP mode file for STMicroelectronics.X-CUBE-IPS.3.2.0
2026-01-12 18:17:28,486 [WARN] PackLoader:240 - Cannot read IP mode file for STMicroelectronics.X-CUBE-NFC12.1.0.0
2026-01-12 18:17:28,504 [WARN] PackLoader:240 - Cannot read IP mode file for STMicroelectronics.X-CUBE-AZRTOS-L5.2.0.0
2026-01-12 18:17:28,514 [WARN] PackLoader:240 - Cannot read IP mode file for STMicroelectronics.X-CUBE-NFC6.3.1.0
2026-01-12 18:17:28,522 [WARN] PackLoader:240 - Cannot read IP mode file for STMicroelectronics.X-CUBE-FREERTOS.1.3.1
2026-01-12 18:17:28,527 [WARN] PackLoader:240 - Cannot read IP mode file for STMicroelectronics.X-CUBE-TOUCHGFX.4.26.0
2026-01-12 18:17:28,533 [WARN] PackLoader:240 - Cannot read IP mode file for STMicroelectronics.FP-SNS-STAIOTCFT.1.0.0
2026-01-12 18:17:28,541 [WARN] PackLoader:240 - Cannot read IP mode file for STMicroelectronics.X-CUBE-DPower.1.3.0
2026-01-12 18:17:28,561 [WARN] ConditionMgr:438 - getConditionDescription Invalid condition id : LAN8742 Phy interface Condition cause : null
2026-01-12 18:17:28,562 [WARN] PackLoader:240 - Cannot read IP mode file for STMicroelectronics.X-CUBE-AZRTOS-L4.2.0.0
2026-01-12 18:17:28,565 [WARN] ConditionMgr:1044 - genDependencies : Invalid condition id : LAN8742 Phy interface Condition cause : null
2026-01-12 18:17:28,565 [WARN] ConditionMgr:1044 - genDependencies : Invalid condition id : LAN8742 Phy interface Condition cause : null
2026-01-12 18:17:28,567 [WARN] ConditionMgr:1044 - genDependencies : Invalid condition id : LAN8742 Phy interface Condition cause : null
2026-01-12 18:17:28,573 [WARN] PackLoader:240 - Cannot read IP mode file for STMicroelectronics.X-CUBE-SFXS2LP1.4.0.0
2026-01-12 18:17:28,588 [WARN] PackLoader:240 - Cannot read IP mode file for STMicroelectronics.X-CUBE-BLEMGR.4.1.0
2026-01-12 18:17:28,606 [WARN] ConditionMgr:438 - getConditionDescription Invalid condition id : UX DEVICE CLASS RTOS Condition cause : null
2026-01-12 18:17:28,606 [WARN] ConditionMgr:438 - getConditionDescription Invalid condition id : UX DEVICE CLASS RTOS Condition cause : null
2026-01-12 18:17:28,609 [WARN] PackLoader:240 - Cannot read IP mode file for STMicroelectronics.X-CUBE-AZRTOS-WB.2.0.0
2026-01-12 18:17:28,610 [WARN] ConditionMgr:1044 - genDependencies : Invalid condition id : UX DEVICE CLASS RTOS Condition cause : null
2026-01-12 18:17:28,610 [WARN] ConditionMgr:1044 - genDependencies : Invalid condition id : UX DEVICE CLASS RTOS Condition cause : null
2026-01-12 18:17:28,611 [WARN] ConditionMgr:1044 - genDependencies : Invalid condition id : UX DEVICE CLASS RTOS Condition cause : null
2026-01-12 18:17:28,611 [WARN] ConditionMgr:1044 - genDependencies : Invalid condition id : UX DEVICE CLASS RTOS Condition cause : null
2026-01-12 18:17:28,611 [WARN] ConditionMgr:1044 - genDependencies : Invalid condition id : UX DEVICE CLASS RTOS Condition cause : null
2026-01-12 18:17:28,617 [WARN] PackLoader:240 - Cannot read IP mode file for STMicroelectronics.X-CUBE-GNSS1.7.0.1
2026-01-12 18:17:28,621 [WARN] ConditionMgr:438 - getConditionDescription Invalid condition id : Cortex-A Device cause : null
2026-01-12 18:17:28,643 [WARN] ConditionMgr:1044 - genDependencies : Invalid condition id : Cortex-A Device cause : null
2026-01-12 18:17:28,643 [WARN] ConditionMgr:1044 - genDependencies : Invalid condition id : Cortex-A Device cause : null
2026-01-12 18:17:28,644 [WARN] ConditionMgr:1044 - genDependencies : Invalid condition id : Cortex-A Device cause : null
2026-01-12 18:17:28,657 [WARN] PackLoader:240 - Cannot read IP mode file for STMicroelectronics.X-CUBE-SUBG2.5.0.0
2026-01-12 18:17:28,684 [WARN] PackLoader:240 - Cannot read IP mode file for STMicroelectronics.X-CUBE-AZRTOS-H7RS.1.1.0
2026-01-12 18:17:28,701 [WARN] PackLoader:240 - Cannot read IP mode file for STMicroelectronics.X-CUBE-AZRTOS-G4.2.0.0
2026-01-12 18:17:28,704 [WARN] PackLoader:240 - Cannot read IP mode file for wolfSSL.I-CUBE-wolfSSH.1.4.20
2026-01-12 18:17:28,708 [WARN] PackLoader:240 - Cannot read IP mode file for STMicroelectronics.X-CUBE-NFC7.2.0.0
2026-01-12 18:17:28,712 [WARN] PackLoader:240 - Cannot read IP mode file for STMicroelectronics.X-CUBE-ALS.1.0.2
2026-01-12 18:17:28,717 [WARN] PackLoader:240 - Cannot read IP mode file for STMicroelectronics.X-CUBE-STSE01.1.0.0
2026-01-12 18:17:28,727 [WARN] PackLoader:240 - Cannot read IP mode file for STMicroelectronics.X-CUBE-TOF1.3.4.3
2026-01-12 18:17:28,759 [INFO] ThirdParty:978 - Integrity check success = true
2026-01-12 18:17:28,759 [INFO] IntegrityCheckThread:100 - exiting critical section [integrity check]
2026-01-12 18:17:28,759 [INFO] IntegrityCheckThread:103 - End integrity checks thread
2026-01-12 18:17:30,119 [INFO] WebApp:169 - Instantiating new browser for Auth
2026-01-12 18:17:31,296 [INFO] WebApp:463 - Apply proxy settings
2026-01-12 18:17:31,345 [INFO] WebApp:508 - Chromium authenticates against Manually configured proxy
2026-01-12 18:17:31,364 [INFO] WebApp:516 - Username used for proxy authentication: 
2026-01-12 18:17:31,402 [INFO] WebApp:900 - Register for checkConnection events
2026-01-12 18:17:31,402 [INFO] WebApp:463 - Apply proxy settings
2026-01-12 18:17:31,412 [INFO] WebApp:508 - Chromium authenticates against Manually configured proxy
2026-01-12 18:17:31,412 [INFO] WebApp:516 - Username used for proxy authentication: 
2026-01-12 18:17:31,573 [INFO] WebApp:225 - Starting web application
2026-01-12 18:17:31,573 [INFO] WebApp:593 - Web application path used /Applications/STM32CubeIDE.app/Contents/Eclipse/plugins/com.st.stm32cube.common.mx_6.15.0.202507011659/db/plugins/mcufinder/reactClient1/index.html
2026-01-12 18:17:31,961 [INFO] WebApp:191 - Connection restablished
2026-01-12 18:17:32,170 [INFO] UserAuth:487 - Internet connection configuration mode: 1
