../Core/Src/main.c:103:6:send_data	1
../Core/Src/main.c:132:6:HAL_ADC_ConvCpltCallback	2
../Core/Src/main.c:150:6:get_pressure_data	1
../Core/Src/main.c:192:5:main	1
../Core/Src/main.c:256:6:SystemClock_Config	4
../Core/Src/main.c:314:6:PeriphCommonClock_Config	2
../Core/Src/main.c:341:13:MX_ADC1_Init	4
../Core/Src/main.c:411:13:MX_ADC2_Init	3
../Core/Src/main.c:471:13:MX_ADC3_Init	5
../Core/Src/main.c:552:13:MX_TIM1_Init	7
../Core/Src/main.c:632:13:MX_TIM2_Init	7
../Core/Src/main.c:695:13:MX_USART2_UART_Init	5
../Core/Src/main.c:743:13:MX_USART3_UART_Init	5
../Core/Src/main.c:789:13:MX_BDMA_Init	1
../Core/Src/main.c:810:13:MX_GPIO_Init	1
../Core/Src/main.c:856:6:MPU_Config	1
../Core/Src/main.c:887:6:Error_Handler	1
